AddCA_.........../home/nick/Projects/Code_Projects/nosgem/lib/wolfssl/src/ssl.c
AddSigner_......./home/nick/Projects/Code_Projects/nosgem/lib/wolfssl/src/ssl.c
AlertTypeToString_../home/nick/Projects/Code_Projects/nosgem/lib/wolfssl/src/internal.c
AllocCopyDer_../home/nick/Projects/Code_Projects/nosgem/lib/wolfssl/wolfcrypt/src/asn.c
AllocDer_../home/nick/Projects/Code_Projects/nosgem/lib/wolfssl/wolfcrypt/src/asn.c
AllocKey_.../home/nick/Projects/Code_Projects/nosgem/lib/wolfssl/src/internal.c
AllocateCtxSuites_../home/nick/Projects/Code_Projects/nosgem/lib/wolfssl/src/internal.c
AllocateSuites_../home/nick/Projects/Code_Projects/nosgem/lib/wolfssl/src/internal.c
AlreadySigner_.../home/nick/Projects/Code_Projects/nosgem/lib/wolfssl/src/ssl.c
AltNameDup_../home/nick/Projects/Code_Projects/nosgem/lib/wolfssl/wolfcrypt/src/asn.c
AltNameNew_../home/nick/Projects/Code_Projects/nosgem/lib/wolfssl/wolfcrypt/src/asn.c
Base16_Decode_../home/nick/Projects/Code_Projects/nosgem/lib/wolfssl/wolfcrypt/src/coding.c
Base16_Encode_../home/nick/Projects/Code_Projects/nosgem/lib/wolfssl/wolfcrypt/src/coding.c
Base64_Decode_../home/nick/Projects/Code_Projects/nosgem/lib/wolfssl/wolfcrypt/src/coding.c
Base64_Decode_nonCT_../home/nick/Projects/Code_Projects/nosgem/lib/wolfssl/wolfcrypt/src/coding.c
Base64_SkipNewline_../home/nick/Projects/Code_Projects/nosgem/lib/wolfssl/wolfcrypt/src/coding.c
BuildCertHashes_../home/nick/Projects/Code_Projects/nosgem/lib/wolfssl/src/internal.c
BuildMessage_../home/nick/Projects/Code_Projects/nosgem/lib/wolfssl/src/internal.c
BuildTlsFinished_../home/nick/Projects/Code_Projects/nosgem/lib/wolfssl/src/tls.c
BuildTlsHandshakeHash_../home/nick/Projects/Code_Projects/nosgem/lib/wolfssl/src/tls.c
CM_VerifyBuffer_ex_../home/nick/Projects/Code_Projects/nosgem/lib/wolfssl/src/ssl.c
CalcHashId_../home/nick/Projects/Code_Projects/nosgem/lib/wolfssl/wolfcrypt/src/asn.c
CalcHashId_ex_../home/nick/Projects/Code_Projects/nosgem/lib/wolfssl/wolfcrypt/src/asn.c
CheckAvailableSize_../home/nick/Projects/Code_Projects/nosgem/lib/wolfssl/src/internal.c
CheckBitString_../home/nick/Projects/Code_Projects/nosgem/lib/wolfssl/wolfcrypt/src/asn.c
CheckForAltNames_../home/nick/Projects/Code_Projects/nosgem/lib/wolfssl/src/internal.c
CheckHostName_../home/nick/Projects/Code_Projects/nosgem/lib/wolfssl/src/internal.c
CheckIPAddr_../home/nick/Projects/Code_Projects/nosgem/lib/wolfssl/src/internal.c
CheckRunTimeSettings_../home/nick/Projects/Code_Projects/nosgem/lib/wolfssl/wolfcrypt/src/integer.c
CheckVersion_../home/nick/Projects/Code_Projects/nosgem/lib/wolfssl/src/internal.c
CipherRequires_../home/nick/Projects/Code_Projects/nosgem/lib/wolfssl/src/internal.c
CleanupStoreCtxCallback_../home/nick/Projects/Code_Projects/nosgem/lib/wolfssl/src/internal.c
ClientSessionToSession_../home/nick/Projects/Code_Projects/nosgem/lib/wolfssl/src/ssl.c
CompleteServerHello_../home/nick/Projects/Code_Projects/nosgem/lib/wolfssl/src/internal.c
ConfirmSignature_../home/nick/Projects/Code_Projects/nosgem/lib/wolfssl/wolfcrypt/src/asn.c
DateGreaterThan_../home/nick/Projects/Code_Projects/nosgem/lib/wolfssl/wolfcrypt/src/asn.c
DecodeAuthKeyId_../home/nick/Projects/Code_Projects/nosgem/lib/wolfssl/wolfcrypt/src/asn.c
DecodeBasicCaConstraint_../home/nick/Projects/Code_Projects/nosgem/lib/wolfssl/wolfcrypt/src/asn.c
DecodeCert_../home/nick/Projects/Code_Projects/nosgem/lib/wolfssl/wolfcrypt/src/asn.c
DecodeECC_DSA_Sig_../home/nick/Projects/Code_Projects/nosgem/lib/wolfssl/wolfcrypt/src/asn.c
DecodeECC_DSA_Sig_Bin_../home/nick/Projects/Code_Projects/nosgem/lib/wolfssl/wolfcrypt/src/asn.c
DecodeECC_DSA_Sig_Ex_../home/nick/Projects/Code_Projects/nosgem/lib/wolfssl/wolfcrypt/src/asn.c
DecodeExtKeyUsage_../home/nick/Projects/Code_Projects/nosgem/lib/wolfssl/wolfcrypt/src/asn.c
DecodeExtensionType_../home/nick/Projects/Code_Projects/nosgem/lib/wolfssl/wolfcrypt/src/asn.c
DecodeKeyUsage_../home/nick/Projects/Code_Projects/nosgem/lib/wolfssl/wolfcrypt/src/asn.c
DecodePrivateKey_../home/nick/Projects/Code_Projects/nosgem/lib/wolfssl/src/internal.c
DecodeSigAlg_../home/nick/Projects/Code_Projects/nosgem/lib/wolfssl/src/internal.c
DecodeSubjKeyId_../home/nick/Projects/Code_Projects/nosgem/lib/wolfssl/wolfcrypt/src/asn.c
DecodeToKey_../home/nick/Projects/Code_Projects/nosgem/lib/wolfssl/wolfcrypt/src/asn.c
DecryptContent_../home/nick/Projects/Code_Projects/nosgem/lib/wolfssl/wolfcrypt/src/asn.c
DeriveTlsKeys_.../home/nick/Projects/Code_Projects/nosgem/lib/wolfssl/src/tls.c
DhAgree_..../home/nick/Projects/Code_Projects/nosgem/lib/wolfssl/src/internal.c
DhGenKeyPair_../home/nick/Projects/Code_Projects/nosgem/lib/wolfssl/src/internal.c
DoApplicationData_../home/nick/Projects/Code_Projects/nosgem/lib/wolfssl/src/internal.c
DoCertFatalAlert_../home/nick/Projects/Code_Projects/nosgem/lib/wolfssl/src/internal.c
DoFinished_../home/nick/Projects/Code_Projects/nosgem/lib/wolfssl/src/internal.c
DoHandShakeMsgType_../home/nick/Projects/Code_Projects/nosgem/lib/wolfssl/src/internal.c
DoHelloVerifyRequest_../home/nick/Projects/Code_Projects/nosgem/lib/wolfssl/src/internal.c
DoServerHello_../home/nick/Projects/Code_Projects/nosgem/lib/wolfssl/src/internal.c
DoVerifyCallback_../home/nick/Projects/Code_Projects/nosgem/lib/wolfssl/src/internal.c
EarlySanityCheckMsgReceived_../home/nick/Projects/Code_Projects/nosgem/lib/wolfssl/src/internal.c
EccMakeKey_../home/nick/Projects/Code_Projects/nosgem/lib/wolfssl/src/internal.c
EccSharedSecret_../home/nick/Projects/Code_Projects/nosgem/lib/wolfssl/src/internal.c
EccSign_..../home/nick/Projects/Code_Projects/nosgem/lib/wolfssl/src/internal.c
EccVerify_../home/nick/Projects/Code_Projects/nosgem/lib/wolfssl/src/internal.c
EncryptContent_../home/nick/Projects/Code_Projects/nosgem/lib/wolfssl/wolfcrypt/src/asn.c
ExtractDate_../home/nick/Projects/Code_Projects/nosgem/lib/wolfssl/wolfcrypt/src/asn.c
FillSigner_../home/nick/Projects/Code_Projects/nosgem/lib/wolfssl/wolfcrypt/src/asn.c
FindSuite_../home/nick/Projects/Code_Projects/nosgem/lib/wolfssl/src/internal.c
FreeAltNames_../home/nick/Projects/Code_Projects/nosgem/lib/wolfssl/wolfcrypt/src/asn.c
FreeArrays_../home/nick/Projects/Code_Projects/nosgem/lib/wolfssl/src/internal.c
FreeAsyncCtx_../home/nick/Projects/Code_Projects/nosgem/lib/wolfssl/src/internal.c
FreeBuildMsgArgs_../home/nick/Projects/Code_Projects/nosgem/lib/wolfssl/src/internal.c
FreeCiphers_../home/nick/Projects/Code_Projects/nosgem/lib/wolfssl/src/internal.c
FreeDecodedCert_../home/nick/Projects/Code_Projects/nosgem/lib/wolfssl/wolfcrypt/src/asn.c
FreeDer_../home/nick/Projects/Code_Projects/nosgem/lib/wolfssl/wolfcrypt/src/asn.c
FreeHandshakeHashes_../home/nick/Projects/Code_Projects/nosgem/lib/wolfssl/src/internal.c
FreeHandshakeResources_../home/nick/Projects/Code_Projects/nosgem/lib/wolfssl/src/internal.c
FreeKeyExchange_../home/nick/Projects/Code_Projects/nosgem/lib/wolfssl/src/internal.c
FreeKey_..../home/nick/Projects/Code_Projects/nosgem/lib/wolfssl/src/internal.c
FreeNameSubtrees_../home/nick/Projects/Code_Projects/nosgem/lib/wolfssl/wolfcrypt/src/asn.c
FreeSSL_..../home/nick/Projects/Code_Projects/nosgem/lib/wolfssl/src/internal.c
FreeSSL_Ctx_../home/nick/Projects/Code_Projects/nosgem/lib/wolfssl/src/internal.c
FreeSignatureCtx_../home/nick/Projects/Code_Projects/nosgem/lib/wolfssl/wolfcrypt/src/asn.c
FreeSignerTableType_../home/nick/Projects/Code_Projects/nosgem/lib/wolfssl/wolfcrypt/src/asn.c
FreeSignerTable_../home/nick/Projects/Code_Projects/nosgem/lib/wolfssl/wolfcrypt/src/asn.c
FreeSigner_../home/nick/Projects/Code_Projects/nosgem/lib/wolfssl/wolfcrypt/src/asn.c
FreeSuites_../home/nick/Projects/Code_Projects/nosgem/lib/wolfssl/src/internal.c
FreeX509Name_../home/nick/Projects/Code_Projects/nosgem/lib/wolfssl/src/internal.c
FreeX509_.../home/nick/Projects/Code_Projects/nosgem/lib/wolfssl/src/internal.c
GHASH_../home/nick/Projects/Code_Projects/nosgem/lib/wolfssl/wolfcrypt/src/aes.c
GetASNHeader_../home/nick/Projects/Code_Projects/nosgem/lib/wolfssl/wolfcrypt/src/asn.c
GetASNInt_../home/nick/Projects/Code_Projects/nosgem/lib/wolfssl/wolfcrypt/src/asn.c
GetASNObjectId_../home/nick/Projects/Code_Projects/nosgem/lib/wolfssl/wolfcrypt/src/asn.c
GetASNTag_../home/nick/Projects/Code_Projects/nosgem/lib/wolfssl/wolfcrypt/src/asn.c
GetASN_BitString_../home/nick/Projects/Code_Projects/nosgem/lib/wolfssl/wolfcrypt/src/asn.c
GetASN_Items_../home/nick/Projects/Code_Projects/nosgem/lib/wolfssl/wolfcrypt/src/asn.c
GetAlgoIdEx_../home/nick/Projects/Code_Projects/nosgem/lib/wolfssl/wolfcrypt/src/asn.c
GetAlgoId_../home/nick/Projects/Code_Projects/nosgem/lib/wolfssl/wolfcrypt/src/asn.c
GetCAByName_...../home/nick/Projects/Code_Projects/nosgem/lib/wolfssl/src/ssl.c
GetCA_.........../home/nick/Projects/Code_Projects/nosgem/lib/wolfssl/src/ssl.c
GetCipherNameIana_../home/nick/Projects/Code_Projects/nosgem/lib/wolfssl/src/internal.c
GetCipherNameInternal_../home/nick/Projects/Code_Projects/nosgem/lib/wolfssl/src/internal.c
GetCipherNamesSize_../home/nick/Projects/Code_Projects/nosgem/lib/wolfssl/src/internal.c
GetCipherNames_../home/nick/Projects/Code_Projects/nosgem/lib/wolfssl/src/internal.c
GetCipherSpec_../home/nick/Projects/Code_Projects/nosgem/lib/wolfssl/src/keys.c
GetCipherSuiteFromName_../home/nick/Projects/Code_Projects/nosgem/lib/wolfssl/src/internal.c
GetCurveByOID_../home/nick/Projects/Code_Projects/nosgem/lib/wolfssl/src/internal.c
GetHandshakeHeader_../home/nick/Projects/Code_Projects/nosgem/lib/wolfssl/src/internal.c
GetHashId_../home/nick/Projects/Code_Projects/nosgem/lib/wolfssl/wolfcrypt/src/asn.c
GetInt_../home/nick/Projects/Code_Projects/nosgem/lib/wolfssl/wolfcrypt/src/asn.c
GetLength_../home/nick/Projects/Code_Projects/nosgem/lib/wolfssl/wolfcrypt/src/asn.c
GetLength_ex_../home/nick/Projects/Code_Projects/nosgem/lib/wolfssl/wolfcrypt/src/asn.c
GetMyVersion_../home/nick/Projects/Code_Projects/nosgem/lib/wolfssl/wolfcrypt/src/asn.c
GetNameHash_../home/nick/Projects/Code_Projects/nosgem/lib/wolfssl/wolfcrypt/src/asn.c
GetNameHash_ex_../home/nick/Projects/Code_Projects/nosgem/lib/wolfssl/wolfcrypt/src/asn.c
GetName_../home/nick/Projects/Code_Projects/nosgem/lib/wolfssl/wolfcrypt/src/asn.c
GetObjectId_../home/nick/Projects/Code_Projects/nosgem/lib/wolfssl/wolfcrypt/src/asn.c
GetOctetString_../home/nick/Projects/Code_Projects/nosgem/lib/wolfssl/wolfcrypt/src/asn.c
GetOutputBuffer_../home/nick/Projects/Code_Projects/nosgem/lib/wolfssl/src/internal.c
GetSequence_../home/nick/Projects/Code_Projects/nosgem/lib/wolfssl/wolfcrypt/src/asn.c
GetSequence_ex_../home/nick/Projects/Code_Projects/nosgem/lib/wolfssl/wolfcrypt/src/asn.c
GetSet_../home/nick/Projects/Code_Projects/nosgem/lib/wolfssl/wolfcrypt/src/asn.c
GetSet_ex_../home/nick/Projects/Code_Projects/nosgem/lib/wolfssl/wolfcrypt/src/asn.c
GetShortInt_../home/nick/Projects/Code_Projects/nosgem/lib/wolfssl/wolfcrypt/src/asn.c
GetSigName_../home/nick/Projects/Code_Projects/nosgem/lib/wolfssl/wolfcrypt/src/asn.c
GrowInputBuffer_../home/nick/Projects/Code_Projects/nosgem/lib/wolfssl/src/internal.c
HashAlgoToType_../home/nick/Projects/Code_Projects/nosgem/lib/wolfssl/src/internal.c
HashIdAlg_../home/nick/Projects/Code_Projects/nosgem/lib/wolfssl/wolfcrypt/src/asn.c
HashInput_../home/nick/Projects/Code_Projects/nosgem/lib/wolfssl/src/internal.c
HashOutput_../home/nick/Projects/Code_Projects/nosgem/lib/wolfssl/src/internal.c
HashRaw_..../home/nick/Projects/Code_Projects/nosgem/lib/wolfssl/src/internal.c
HaveUniqueSessionObj_../home/nick/Projects/Code_Projects/nosgem/lib/wolfssl/src/internal.c
InitCipherSpecs_../home/nick/Projects/Code_Projects/nosgem/lib/wolfssl/src/internal.c
InitCiphers_../home/nick/Projects/Code_Projects/nosgem/lib/wolfssl/src/internal.c
InitDecodedCert_../home/nick/Projects/Code_Projects/nosgem/lib/wolfssl/wolfcrypt/src/asn.c
InitDecodedCert_ex_../home/nick/Projects/Code_Projects/nosgem/lib/wolfssl/wolfcrypt/src/asn.c
InitHandshakeHashesAndCopy_../home/nick/Projects/Code_Projects/nosgem/lib/wolfssl/src/internal.c
InitHandshakeHashes_../home/nick/Projects/Code_Projects/nosgem/lib/wolfssl/src/internal.c
InitSSL_..../home/nick/Projects/Code_Projects/nosgem/lib/wolfssl/src/internal.c
InitSSL_CTX_Suites_../home/nick/Projects/Code_Projects/nosgem/lib/wolfssl/src/internal.c
InitSSL_Ctx_../home/nick/Projects/Code_Projects/nosgem/lib/wolfssl/src/internal.c
InitSSL_Method_../home/nick/Projects/Code_Projects/nosgem/lib/wolfssl/src/internal.c
InitSSL_Suites_../home/nick/Projects/Code_Projects/nosgem/lib/wolfssl/src/internal.c
InitSignatureCtx_../home/nick/Projects/Code_Projects/nosgem/lib/wolfssl/wolfcrypt/src/asn.c
InitSuitesHashSigAlgo_../home/nick/Projects/Code_Projects/nosgem/lib/wolfssl/src/internal.c
InitSuites_../home/nick/Projects/Code_Projects/nosgem/lib/wolfssl/src/internal.c
InitX509Name_../home/nick/Projects/Code_Projects/nosgem/lib/wolfssl/src/internal.c
InitX509_.../home/nick/Projects/Code_Projects/nosgem/lib/wolfssl/src/internal.c
IsAtLeastTLSv1_2_../home/nick/Projects/Code_Projects/nosgem/lib/wolfssl/src/internal.c
IsAtLeastTLSv1_3_../home/nick/Projects/Code_Projects/nosgem/lib/wolfssl/src/internal.c
IsEncryptionOn_../home/nick/Projects/Code_Projects/nosgem/lib/wolfssl/src/internal.c
IsSCR_....../home/nick/Projects/Code_Projects/nosgem/lib/wolfssl/src/internal.c
IsTLS_....../home/nick/Projects/Code_Projects/nosgem/lib/wolfssl/src/internal.c
IsTLS_ex_.../home/nick/Projects/Code_Projects/nosgem/lib/wolfssl/src/internal.c
LowResTimer_../home/nick/Projects/Code_Projects/nosgem/lib/wolfssl/src/internal.c
MacSize_..../home/nick/Projects/Code_Projects/nosgem/lib/wolfssl/src/internal.c
MakeMasterSecret_../home/nick/Projects/Code_Projects/nosgem/lib/wolfssl/src/keys.c
MakeSigner_../home/nick/Projects/Code_Projects/nosgem/lib/wolfssl/wolfcrypt/src/asn.c
MakeTLSv1_2_...../home/nick/Projects/Code_Projects/nosgem/lib/wolfssl/src/tls.c
MakeTlsMasterSecret_../home/nick/Projects/Code_Projects/nosgem/lib/wolfssl/src/tls.c
MatchDomainName_../home/nick/Projects/Code_Projects/nosgem/lib/wolfssl/src/internal.c
MsgCheckEncryption_../home/nick/Projects/Code_Projects/nosgem/lib/wolfssl/src/internal.c
OidFromId_../home/nick/Projects/Code_Projects/nosgem/lib/wolfssl/wolfcrypt/src/asn.c
ParseCertRelative_../home/nick/Projects/Code_Projects/nosgem/lib/wolfssl/wolfcrypt/src/asn.c
ParseCert_../home/nick/Projects/Code_Projects/nosgem/lib/wolfssl/wolfcrypt/src/asn.c
PemToDer_../home/nick/Projects/Code_Projects/nosgem/lib/wolfssl/wolfcrypt/src/asn.c
PickHashSigAlgo_../home/nick/Projects/Code_Projects/nosgem/lib/wolfssl/src/internal.c
ProcessBuffer_.../home/nick/Projects/Code_Projects/nosgem/lib/wolfssl/src/ssl.c
ProcessPeerCerts_../home/nick/Projects/Code_Projects/nosgem/lib/wolfssl/src/internal.c
ProcessReplyEx_../home/nick/Projects/Code_Projects/nosgem/lib/wolfssl/src/internal.c
ProcessReply_../home/nick/Projects/Code_Projects/nosgem/lib/wolfssl/src/internal.c
ReceiveData_../home/nick/Projects/Code_Projects/nosgem/lib/wolfssl/src/internal.c
ReinitSSL_../home/nick/Projects/Code_Projects/nosgem/lib/wolfssl/src/internal.c
RemoveCA_......../home/nick/Projects/Code_Projects/nosgem/lib/wolfssl/src/ssl.c
RetrySendAlert_../home/nick/Projects/Code_Projects/nosgem/lib/wolfssl/src/internal.c
SSL_CtxResourceFree_../home/nick/Projects/Code_Projects/nosgem/lib/wolfssl/src/internal.c
SendAlert_../home/nick/Projects/Code_Projects/nosgem/lib/wolfssl/src/internal.c
SendBuffered_../home/nick/Projects/Code_Projects/nosgem/lib/wolfssl/src/internal.c
SendCertificateRequest_../home/nick/Projects/Code_Projects/nosgem/lib/wolfssl/src/internal.c
SendCertificateStatus_../home/nick/Projects/Code_Projects/nosgem/lib/wolfssl/src/internal.c
SendCertificateVerify_../home/nick/Projects/Code_Projects/nosgem/lib/wolfssl/src/internal.c
SendCertificate_../home/nick/Projects/Code_Projects/nosgem/lib/wolfssl/src/internal.c
SendChangeCipher_../home/nick/Projects/Code_Projects/nosgem/lib/wolfssl/src/internal.c
SendClientHello_../home/nick/Projects/Code_Projects/nosgem/lib/wolfssl/src/internal.c
SendClientKeyExchange_../home/nick/Projects/Code_Projects/nosgem/lib/wolfssl/src/internal.c
SendData_.../home/nick/Projects/Code_Projects/nosgem/lib/wolfssl/src/internal.c
SendFatalAlertOnly_../home/nick/Projects/Code_Projects/nosgem/lib/wolfssl/src/internal.c
SendFinished_../home/nick/Projects/Code_Projects/nosgem/lib/wolfssl/src/internal.c
SetASNLength_../home/nick/Projects/Code_Projects/nosgem/lib/wolfssl/wolfcrypt/src/asn.c
SetASN_Items_../home/nick/Projects/Code_Projects/nosgem/lib/wolfssl/wolfcrypt/src/asn.c
SetAlgoIDEx_../home/nick/Projects/Code_Projects/nosgem/lib/wolfssl/wolfcrypt/src/asn.c
SetAlgoID_../home/nick/Projects/Code_Projects/nosgem/lib/wolfssl/wolfcrypt/src/asn.c
SetBitString_../home/nick/Projects/Code_Projects/nosgem/lib/wolfssl/wolfcrypt/src/asn.c
SetCAType_......./home/nick/Projects/Code_Projects/nosgem/lib/wolfssl/src/ssl.c
SetCipherList_../home/nick/Projects/Code_Projects/nosgem/lib/wolfssl/src/internal.c
SetCipherList_ex_../home/nick/Projects/Code_Projects/nosgem/lib/wolfssl/src/internal.c
SetCipherSpecs_../home/nick/Projects/Code_Projects/nosgem/lib/wolfssl/src/keys.c
SetErrorString_../home/nick/Projects/Code_Projects/nosgem/lib/wolfssl/src/internal.c
SetExplicit_../home/nick/Projects/Code_Projects/nosgem/lib/wolfssl/wolfcrypt/src/asn.c
SetHeader_../home/nick/Projects/Code_Projects/nosgem/lib/wolfssl/wolfcrypt/src/asn.c
SetImplicit_../home/nick/Projects/Code_Projects/nosgem/lib/wolfssl/wolfcrypt/src/asn.c
SetKeysSide_..../home/nick/Projects/Code_Projects/nosgem/lib/wolfssl/src/keys.c
SetKeys_......../home/nick/Projects/Code_Projects/nosgem/lib/wolfssl/src/keys.c
SetLengthEx_../home/nick/Projects/Code_Projects/nosgem/lib/wolfssl/wolfcrypt/src/asn.c
SetLength_../home/nick/Projects/Code_Projects/nosgem/lib/wolfssl/wolfcrypt/src/asn.c
SetMyVersion_../home/nick/Projects/Code_Projects/nosgem/lib/wolfssl/wolfcrypt/src/asn.c
SetObjectId_../home/nick/Projects/Code_Projects/nosgem/lib/wolfssl/wolfcrypt/src/asn.c
SetOctetStringEx_../home/nick/Projects/Code_Projects/nosgem/lib/wolfssl/wolfcrypt/src/asn.c
SetOctetString_../home/nick/Projects/Code_Projects/nosgem/lib/wolfssl/wolfcrypt/src/asn.c
SetSSL_CTX_../home/nick/Projects/Code_Projects/nosgem/lib/wolfssl/src/internal.c
SetSequenceEx_../home/nick/Projects/Code_Projects/nosgem/lib/wolfssl/wolfcrypt/src/asn.c
SetSequence_../home/nick/Projects/Code_Projects/nosgem/lib/wolfssl/wolfcrypt/src/asn.c
SetSet_../home/nick/Projects/Code_Projects/nosgem/lib/wolfssl/wolfcrypt/src/asn.c
SetShortInt_../home/nick/Projects/Code_Projects/nosgem/lib/wolfssl/wolfcrypt/src/asn.c
SetupSession_..../home/nick/Projects/Code_Projects/nosgem/lib/wolfssl/src/ssl.c
SetupStoreCtxCallback_../home/nick/Projects/Code_Projects/nosgem/lib/wolfssl/src/internal.c
ShrinkInputBuffer_../home/nick/Projects/Code_Projects/nosgem/lib/wolfssl/src/internal.c
ShrinkOutputBuffer_../home/nick/Projects/Code_Projects/nosgem/lib/wolfssl/src/internal.c
SizeASN_Items_../home/nick/Projects/Code_Projects/nosgem/lib/wolfssl/wolfcrypt/src/asn.c
StoreECC_DSA_Sig_../home/nick/Projects/Code_Projects/nosgem/lib/wolfssl/wolfcrypt/src/asn.c
StoreECC_DSA_Sig_Bin_../home/nick/Projects/Code_Projects/nosgem/lib/wolfssl/wolfcrypt/src/asn.c
StoreKeys_....../home/nick/Projects/Code_Projects/nosgem/lib/wolfssl/src/keys.c
TLS_hmac_......../home/nick/Projects/Code_Projects/nosgem/lib/wolfssl/src/tls.c
TimingPadVerify_../home/nick/Projects/Code_Projects/nosgem/lib/wolfssl/src/internal.c
ToTraditionalEnc_../home/nick/Projects/Code_Projects/nosgem/lib/wolfssl/wolfcrypt/src/asn.c
ToTraditionalInline_../home/nick/Projects/Code_Projects/nosgem/lib/wolfssl/wolfcrypt/src/asn.c
ToTraditionalInline_ex2_../home/nick/Projects/Code_Projects/nosgem/lib/wolfssl/wolfcrypt/src/asn.c
ToTraditionalInline_ex_../home/nick/Projects/Code_Projects/nosgem/lib/wolfssl/wolfcrypt/src/asn.c
ToTraditional_../home/nick/Projects/Code_Projects/nosgem/lib/wolfssl/wolfcrypt/src/asn.c
ToTraditional_ex_../home/nick/Projects/Code_Projects/nosgem/lib/wolfssl/wolfcrypt/src/asn.c
TraditionalEnc_../home/nick/Projects/Code_Projects/nosgem/lib/wolfssl/wolfcrypt/src/asn.c
TraditionalEnc_ex_../home/nick/Projects/Code_Projects/nosgem/lib/wolfssl/wolfcrypt/src/asn.c
TranslateErrorToAlert_../home/nick/Projects/Code_Projects/nosgem/lib/wolfssl/src/internal.c
UnTraditionalEnc_../home/nick/Projects/Code_Projects/nosgem/lib/wolfssl/wolfcrypt/src/asn.c
VerifyClientSuite_../home/nick/Projects/Code_Projects/nosgem/lib/wolfssl/src/internal.c
WriteSEQ_.../home/nick/Projects/Code_Projects/nosgem/lib/wolfssl/src/internal.c
_InitHmac_../home/nick/Projects/Code_Projects/nosgem/lib/wolfssl/wolfcrypt/src/hmac.c
_initRefCount../home/nick/Projects/Code_Projects/nosgem/lib/wolfssl/wolfcrypt/src/wc_port.c
_ltm_prime_tab../home/nick/Projects/Code_Projects/nosgem/lib/wolfssl/wolfcrypt/src/integer.c
_mp_s_rmap../home/nick/Projects/Code_Projects/nosgem/lib/wolfssl/wolfcrypt/src/integer.c
_outputA_data../home/nick/Projects/Code_Projects/nosgem/lib/wolfssl/wolfcrypt/src/random.c
_outputB_data../home/nick/Projects/Code_Projects/nosgem/lib/wolfssl/wolfcrypt/src/random.c
_pem_struct_min_sz../home/nick/Projects/Code_Projects/nosgem/lib/wolfssl/wolfcrypt/src/asn.c
_reseedSeedA_data../home/nick/Projects/Code_Projects/nosgem/lib/wolfssl/wolfcrypt/src/random.c
_seedA_data../home/nick/Projects/Code_Projects/nosgem/lib/wolfssl/wolfcrypt/src/random.c
_seedB_data../home/nick/Projects/Code_Projects/nosgem/lib/wolfssl/wolfcrypt/src/random.c
_wc_off_on_addr../home/nick/Projects/Code_Projects/nosgem/lib/wolfssl/wolfcrypt/src/wolfmath.c
cipherExtraData_../home/nick/Projects/Code_Projects/nosgem/lib/wolfssl/src/internal.c
ecc_map_../home/nick/Projects/Code_Projects/nosgem/lib/wolfssl/wolfcrypt/src/ecc.c
ecc_map_ex_../home/nick/Projects/Code_Projects/nosgem/lib/wolfssl/wolfcrypt/src/ecc.c
ecc_projective_add_point_../home/nick/Projects/Code_Projects/nosgem/lib/wolfssl/wolfcrypt/src/ecc.c
ecc_projective_add_point_safe_../home/nick/Projects/Code_Projects/nosgem/lib/wolfssl/wolfcrypt/src/ecc.c
ecc_projective_dbl_point_../home/nick/Projects/Code_Projects/nosgem/lib/wolfssl/wolfcrypt/src/ecc.c
ecc_projective_dbl_point_safe_../home/nick/Projects/Code_Projects/nosgem/lib/wolfssl/wolfcrypt/src/ecc.c
fast_mp_invmod_../home/nick/Projects/Code_Projects/nosgem/lib/wolfssl/wolfcrypt/src/integer.c
fast_mp_montgomery_reduce_../home/nick/Projects/Code_Projects/nosgem/lib/wolfssl/wolfcrypt/src/integer.c
fast_s_mp_mul_digs_../home/nick/Projects/Code_Projects/nosgem/lib/wolfssl/wolfcrypt/src/integer.c
fast_s_mp_mul_high_digs_../home/nick/Projects/Code_Projects/nosgem/lib/wolfssl/wolfcrypt/src/integer.c
fast_s_mp_sqr_../home/nick/Projects/Code_Projects/nosgem/lib/wolfssl/wolfcrypt/src/integer.c
findSignerByName_../home/nick/Projects/Code_Projects/nosgem/lib/wolfssl/wolfcrypt/src/asn.c
mp_2expt_../home/nick/Projects/Code_Projects/nosgem/lib/wolfssl/wolfcrypt/src/integer.c
mp_abs_../home/nick/Projects/Code_Projects/nosgem/lib/wolfssl/wolfcrypt/src/integer.c
mp_add_../home/nick/Projects/Code_Projects/nosgem/lib/wolfssl/wolfcrypt/src/integer.c
mp_add_d_../home/nick/Projects/Code_Projects/nosgem/lib/wolfssl/wolfcrypt/src/integer.c
mp_addmod_../home/nick/Projects/Code_Projects/nosgem/lib/wolfssl/wolfcrypt/src/integer.c
mp_addmod_ct_../home/nick/Projects/Code_Projects/nosgem/lib/wolfssl/wolfcrypt/src/integer.c
mp_clamp_../home/nick/Projects/Code_Projects/nosgem/lib/wolfssl/wolfcrypt/src/integer.c
mp_clear_../home/nick/Projects/Code_Projects/nosgem/lib/wolfssl/wolfcrypt/src/integer.c
mp_cmp_../home/nick/Projects/Code_Projects/nosgem/lib/wolfssl/wolfcrypt/src/integer.c
mp_cmp_d_../home/nick/Projects/Code_Projects/nosgem/lib/wolfssl/wolfcrypt/src/integer.c
mp_cmp_mag_../home/nick/Projects/Code_Projects/nosgem/lib/wolfssl/wolfcrypt/src/integer.c
mp_cnt_lsb_../home/nick/Projects/Code_Projects/nosgem/lib/wolfssl/wolfcrypt/src/integer.c
mp_cond_copy_../home/nick/Projects/Code_Projects/nosgem/lib/wolfssl/wolfcrypt/src/wolfmath.c
mp_cond_swap_ct_../home/nick/Projects/Code_Projects/nosgem/lib/wolfssl/wolfcrypt/src/integer.c
mp_cond_swap_ct_ex_../home/nick/Projects/Code_Projects/nosgem/lib/wolfssl/wolfcrypt/src/integer.c
mp_copy_../home/nick/Projects/Code_Projects/nosgem/lib/wolfssl/wolfcrypt/src/integer.c
mp_count_bits_../home/nick/Projects/Code_Projects/nosgem/lib/wolfssl/wolfcrypt/src/integer.c
mp_div_../home/nick/Projects/Code_Projects/nosgem/lib/wolfssl/wolfcrypt/src/integer.c
mp_div_2_../home/nick/Projects/Code_Projects/nosgem/lib/wolfssl/wolfcrypt/src/integer.c
mp_div_2_mod_ct_../home/nick/Projects/Code_Projects/nosgem/lib/wolfssl/wolfcrypt/src/integer.c
mp_div_2d_../home/nick/Projects/Code_Projects/nosgem/lib/wolfssl/wolfcrypt/src/integer.c
mp_div_3_../home/nick/Projects/Code_Projects/nosgem/lib/wolfssl/wolfcrypt/src/integer.c
mp_dr_is_modulus_../home/nick/Projects/Code_Projects/nosgem/lib/wolfssl/wolfcrypt/src/integer.c
mp_dr_reduce_../home/nick/Projects/Code_Projects/nosgem/lib/wolfssl/wolfcrypt/src/integer.c
mp_dr_setup_../home/nick/Projects/Code_Projects/nosgem/lib/wolfssl/wolfcrypt/src/integer.c
mp_exch_../home/nick/Projects/Code_Projects/nosgem/lib/wolfssl/wolfcrypt/src/integer.c
mp_exptmod_../home/nick/Projects/Code_Projects/nosgem/lib/wolfssl/wolfcrypt/src/integer.c
mp_exptmod_base_2_../home/nick/Projects/Code_Projects/nosgem/lib/wolfssl/wolfcrypt/src/integer.c
mp_exptmod_ex_../home/nick/Projects/Code_Projects/nosgem/lib/wolfssl/wolfcrypt/src/integer.c
mp_exptmod_fast_../home/nick/Projects/Code_Projects/nosgem/lib/wolfssl/wolfcrypt/src/integer.c
mp_forcezero_../home/nick/Projects/Code_Projects/nosgem/lib/wolfssl/wolfcrypt/src/integer.c
mp_free_../home/nick/Projects/Code_Projects/nosgem/lib/wolfssl/wolfcrypt/src/integer.c
mp_get_digit_../home/nick/Projects/Code_Projects/nosgem/lib/wolfssl/wolfcrypt/src/wolfmath.c
mp_get_digit_count_../home/nick/Projects/Code_Projects/nosgem/lib/wolfssl/wolfcrypt/src/wolfmath.c
mp_get_rand_digit_../home/nick/Projects/Code_Projects/nosgem/lib/wolfssl/wolfcrypt/src/wolfmath.c
mp_grow_../home/nick/Projects/Code_Projects/nosgem/lib/wolfssl/wolfcrypt/src/integer.c
mp_init_../home/nick/Projects/Code_Projects/nosgem/lib/wolfssl/wolfcrypt/src/integer.c
mp_init_copy_../home/nick/Projects/Code_Projects/nosgem/lib/wolfssl/wolfcrypt/src/integer.c
mp_init_multi_../home/nick/Projects/Code_Projects/nosgem/lib/wolfssl/wolfcrypt/src/integer.c
mp_init_size_../home/nick/Projects/Code_Projects/nosgem/lib/wolfssl/wolfcrypt/src/integer.c
mp_invmod_../home/nick/Projects/Code_Projects/nosgem/lib/wolfssl/wolfcrypt/src/integer.c
mp_invmod_slow_../home/nick/Projects/Code_Projects/nosgem/lib/wolfssl/wolfcrypt/src/integer.c
mp_is_bit_set_../home/nick/Projects/Code_Projects/nosgem/lib/wolfssl/wolfcrypt/src/integer.c
mp_leading_bit_../home/nick/Projects/Code_Projects/nosgem/lib/wolfssl/wolfcrypt/src/integer.c
mp_lshd_../home/nick/Projects/Code_Projects/nosgem/lib/wolfssl/wolfcrypt/src/integer.c
mp_mod_../home/nick/Projects/Code_Projects/nosgem/lib/wolfssl/wolfcrypt/src/integer.c
mp_mod_2d_../home/nick/Projects/Code_Projects/nosgem/lib/wolfssl/wolfcrypt/src/integer.c
mp_mod_d_../home/nick/Projects/Code_Projects/nosgem/lib/wolfssl/wolfcrypt/src/integer.c
mp_montgomery_calc_normalization_../home/nick/Projects/Code_Projects/nosgem/lib/wolfssl/wolfcrypt/src/integer.c
mp_montgomery_reduce_../home/nick/Projects/Code_Projects/nosgem/lib/wolfssl/wolfcrypt/src/integer.c
mp_montgomery_setup_../home/nick/Projects/Code_Projects/nosgem/lib/wolfssl/wolfcrypt/src/integer.c
mp_mul_../home/nick/Projects/Code_Projects/nosgem/lib/wolfssl/wolfcrypt/src/integer.c
mp_mul_2_../home/nick/Projects/Code_Projects/nosgem/lib/wolfssl/wolfcrypt/src/integer.c
mp_mul_2d_../home/nick/Projects/Code_Projects/nosgem/lib/wolfssl/wolfcrypt/src/integer.c
mp_mul_d_../home/nick/Projects/Code_Projects/nosgem/lib/wolfssl/wolfcrypt/src/integer.c
mp_mulmod_../home/nick/Projects/Code_Projects/nosgem/lib/wolfssl/wolfcrypt/src/integer.c
mp_prime_is_prime_../home/nick/Projects/Code_Projects/nosgem/lib/wolfssl/wolfcrypt/src/integer.c
mp_prime_is_prime_ex_../home/nick/Projects/Code_Projects/nosgem/lib/wolfssl/wolfcrypt/src/integer.c
mp_radix_size_../home/nick/Projects/Code_Projects/nosgem/lib/wolfssl/wolfcrypt/src/integer.c
mp_rand_../home/nick/Projects/Code_Projects/nosgem/lib/wolfssl/wolfcrypt/src/wolfmath.c
mp_read_radix_../home/nick/Projects/Code_Projects/nosgem/lib/wolfssl/wolfcrypt/src/integer.c
mp_read_unsigned_bin_../home/nick/Projects/Code_Projects/nosgem/lib/wolfssl/wolfcrypt/src/integer.c
mp_reduce_../home/nick/Projects/Code_Projects/nosgem/lib/wolfssl/wolfcrypt/src/integer.c
mp_reduce_2k_../home/nick/Projects/Code_Projects/nosgem/lib/wolfssl/wolfcrypt/src/integer.c
mp_reduce_2k_l_../home/nick/Projects/Code_Projects/nosgem/lib/wolfssl/wolfcrypt/src/integer.c
mp_reduce_2k_setup_../home/nick/Projects/Code_Projects/nosgem/lib/wolfssl/wolfcrypt/src/integer.c
mp_reduce_2k_setup_l_../home/nick/Projects/Code_Projects/nosgem/lib/wolfssl/wolfcrypt/src/integer.c
mp_reduce_is_2k_../home/nick/Projects/Code_Projects/nosgem/lib/wolfssl/wolfcrypt/src/integer.c
mp_reduce_is_2k_l_../home/nick/Projects/Code_Projects/nosgem/lib/wolfssl/wolfcrypt/src/integer.c
mp_reduce_setup_../home/nick/Projects/Code_Projects/nosgem/lib/wolfssl/wolfcrypt/src/integer.c
mp_reverse_../home/nick/Projects/Code_Projects/nosgem/lib/wolfssl/wolfcrypt/src/wolfmath.c
mp_rshb_../home/nick/Projects/Code_Projects/nosgem/lib/wolfssl/wolfcrypt/src/integer.c
mp_rshd_../home/nick/Projects/Code_Projects/nosgem/lib/wolfssl/wolfcrypt/src/integer.c
mp_set_../home/nick/Projects/Code_Projects/nosgem/lib/wolfssl/wolfcrypt/src/integer.c
mp_set_bit_../home/nick/Projects/Code_Projects/nosgem/lib/wolfssl/wolfcrypt/src/integer.c
mp_set_int_../home/nick/Projects/Code_Projects/nosgem/lib/wolfssl/wolfcrypt/src/integer.c
mp_sqr_../home/nick/Projects/Code_Projects/nosgem/lib/wolfssl/wolfcrypt/src/integer.c
mp_sqrmod_../home/nick/Projects/Code_Projects/nosgem/lib/wolfssl/wolfcrypt/src/integer.c
mp_sub_../home/nick/Projects/Code_Projects/nosgem/lib/wolfssl/wolfcrypt/src/integer.c
mp_sub_d_../home/nick/Projects/Code_Projects/nosgem/lib/wolfssl/wolfcrypt/src/integer.c
mp_submod_../home/nick/Projects/Code_Projects/nosgem/lib/wolfssl/wolfcrypt/src/integer.c
mp_submod_ct_../home/nick/Projects/Code_Projects/nosgem/lib/wolfssl/wolfcrypt/src/integer.c
mp_to_unsigned_bin_../home/nick/Projects/Code_Projects/nosgem/lib/wolfssl/wolfcrypt/src/integer.c
mp_to_unsigned_bin_at_pos_../home/nick/Projects/Code_Projects/nosgem/lib/wolfssl/wolfcrypt/src/integer.c
mp_to_unsigned_bin_len_../home/nick/Projects/Code_Projects/nosgem/lib/wolfssl/wolfcrypt/src/integer.c
mp_toradix_../home/nick/Projects/Code_Projects/nosgem/lib/wolfssl/wolfcrypt/src/integer.c
mp_unsigned_bin_size_../home/nick/Projects/Code_Projects/nosgem/lib/wolfssl/wolfcrypt/src/integer.c
mp_zero_../home/nick/Projects/Code_Projects/nosgem/lib/wolfssl/wolfcrypt/src/integer.c
s_mp_add_../home/nick/Projects/Code_Projects/nosgem/lib/wolfssl/wolfcrypt/src/integer.c
s_mp_exptmod_../home/nick/Projects/Code_Projects/nosgem/lib/wolfssl/wolfcrypt/src/integer.c
s_mp_mul_digs_../home/nick/Projects/Code_Projects/nosgem/lib/wolfssl/wolfcrypt/src/integer.c
s_mp_mul_high_digs_../home/nick/Projects/Code_Projects/nosgem/lib/wolfssl/wolfcrypt/src/integer.c
s_mp_sqr_../home/nick/Projects/Code_Projects/nosgem/lib/wolfssl/wolfcrypt/src/integer.c
s_mp_sub_../home/nick/Projects/Code_Projects/nosgem/lib/wolfssl/wolfcrypt/src/integer.c
wc_AesCbcDecryptWithKey_../home/nick/Projects/Code_Projects/nosgem/lib/wolfssl/wolfcrypt/src/wc_encrypt.c
wc_AesCbcDecrypt_../home/nick/Projects/Code_Projects/nosgem/lib/wolfssl/wolfcrypt/src/aes.c
wc_AesCbcEncryptWithKey_../home/nick/Projects/Code_Projects/nosgem/lib/wolfssl/wolfcrypt/src/wc_encrypt.c
wc_AesCbcEncrypt_../home/nick/Projects/Code_Projects/nosgem/lib/wolfssl/wolfcrypt/src/aes.c
wc_AesDelete_../home/nick/Projects/Code_Projects/nosgem/lib/wolfssl/wolfcrypt/src/aes.c
wc_AesFree_../home/nick/Projects/Code_Projects/nosgem/lib/wolfssl/wolfcrypt/src/aes.c
wc_AesGcmDecrypt_../home/nick/Projects/Code_Projects/nosgem/lib/wolfssl/wolfcrypt/src/aes.c
wc_AesGcmEncrypt_../home/nick/Projects/Code_Projects/nosgem/lib/wolfssl/wolfcrypt/src/aes.c
wc_AesGcmEncrypt_ex_../home/nick/Projects/Code_Projects/nosgem/lib/wolfssl/wolfcrypt/src/aes.c
wc_AesGcmSetExtIV_../home/nick/Projects/Code_Projects/nosgem/lib/wolfssl/wolfcrypt/src/aes.c
wc_AesGcmSetIV_../home/nick/Projects/Code_Projects/nosgem/lib/wolfssl/wolfcrypt/src/aes.c
wc_AesGcmSetKey_../home/nick/Projects/Code_Projects/nosgem/lib/wolfssl/wolfcrypt/src/aes.c
wc_AesGetKeySize_../home/nick/Projects/Code_Projects/nosgem/lib/wolfssl/wolfcrypt/src/aes.c
wc_AesInit_../home/nick/Projects/Code_Projects/nosgem/lib/wolfssl/wolfcrypt/src/aes.c
wc_AesNew_../home/nick/Projects/Code_Projects/nosgem/lib/wolfssl/wolfcrypt/src/aes.c
wc_AesSetIV_../home/nick/Projects/Code_Projects/nosgem/lib/wolfssl/wolfcrypt/src/aes.c
wc_AesSetKey_../home/nick/Projects/Code_Projects/nosgem/lib/wolfssl/wolfcrypt/src/aes.c
wc_AllocDer_../home/nick/Projects/Code_Projects/nosgem/lib/wolfssl/wolfcrypt/src/asn.c
wc_AsnGetSkipDateCheck_../home/nick/Projects/Code_Projects/nosgem/lib/wolfssl/wolfcrypt/src/asn.c
wc_AsnSetSkipDateCheck_../home/nick/Projects/Code_Projects/nosgem/lib/wolfssl/wolfcrypt/src/asn.c
wc_BuildEccKeyDer_../home/nick/Projects/Code_Projects/nosgem/lib/wolfssl/wolfcrypt/src/asn.c
wc_CertPemToDer_../home/nick/Projects/Code_Projects/nosgem/lib/wolfssl/wolfcrypt/src/asn.c
wc_CheckPrivateKeyCert_../home/nick/Projects/Code_Projects/nosgem/lib/wolfssl/wolfcrypt/src/asn.c
wc_CheckPrivateKey_../home/nick/Projects/Code_Projects/nosgem/lib/wolfssl/wolfcrypt/src/asn.c
wc_CreateEncryptedPKCS8Key_../home/nick/Projects/Code_Projects/nosgem/lib/wolfssl/wolfcrypt/src/asn.c
wc_CreatePKCS8Key_../home/nick/Projects/Code_Projects/nosgem/lib/wolfssl/wolfcrypt/src/asn.c
wc_CryptKey_../home/nick/Projects/Code_Projects/nosgem/lib/wolfssl/wolfcrypt/src/wc_encrypt.c
wc_DecryptPKCS8Key_../home/nick/Projects/Code_Projects/nosgem/lib/wolfssl/wolfcrypt/src/asn.c
wc_DhKeyDecode_../home/nick/Projects/Code_Projects/nosgem/lib/wolfssl/wolfcrypt/src/asn.c
wc_DhParamsLoad_../home/nick/Projects/Code_Projects/nosgem/lib/wolfssl/wolfcrypt/src/asn.c
wc_EccKeyDerSize_../home/nick/Projects/Code_Projects/nosgem/lib/wolfssl/wolfcrypt/src/asn.c
wc_EccKeyToDer_../home/nick/Projects/Code_Projects/nosgem/lib/wolfssl/wolfcrypt/src/asn.c
wc_EccKeyToPKCS8_../home/nick/Projects/Code_Projects/nosgem/lib/wolfssl/wolfcrypt/src/asn.c
wc_EccPrivateKeyDecode_../home/nick/Projects/Code_Projects/nosgem/lib/wolfssl/wolfcrypt/src/asn.c
wc_EccPrivateKeyToDer_../home/nick/Projects/Code_Projects/nosgem/lib/wolfssl/wolfcrypt/src/asn.c
wc_EccPrivateKeyToPKCS8_../home/nick/Projects/Code_Projects/nosgem/lib/wolfssl/wolfcrypt/src/asn.c
wc_EccPublicKeyDecode_../home/nick/Projects/Code_Projects/nosgem/lib/wolfssl/wolfcrypt/src/asn.c
wc_EccPublicKeyDerSize_../home/nick/Projects/Code_Projects/nosgem/lib/wolfssl/wolfcrypt/src/asn.c
wc_EccPublicKeyToDer_../home/nick/Projects/Code_Projects/nosgem/lib/wolfssl/wolfcrypt/src/asn.c
wc_EccPublicKeyToDer_ex_../home/nick/Projects/Code_Projects/nosgem/lib/wolfssl/wolfcrypt/src/asn.c
wc_EncodeSignature_../home/nick/Projects/Code_Projects/nosgem/lib/wolfssl/wolfcrypt/src/asn.c
wc_EncryptPKCS8Key_../home/nick/Projects/Code_Projects/nosgem/lib/wolfssl/wolfcrypt/src/asn.c
wc_EncryptPKCS8Key_ex_../home/nick/Projects/Code_Projects/nosgem/lib/wolfssl/wolfcrypt/src/asn.c
wc_ErrorString_../home/nick/Projects/Code_Projects/nosgem/lib/wolfssl/wolfcrypt/src/error.c
wc_ForceZero_../home/nick/Projects/Code_Projects/nosgem/lib/wolfssl/wolfcrypt/src/memory.c
wc_FreeDecodedCert_../home/nick/Projects/Code_Projects/nosgem/lib/wolfssl/wolfcrypt/src/asn.c
wc_FreeDer_../home/nick/Projects/Code_Projects/nosgem/lib/wolfssl/wolfcrypt/src/asn.c
wc_FreeMutex_../home/nick/Projects/Code_Projects/nosgem/lib/wolfssl/wolfcrypt/src/wc_port.c
wc_FreeRng_../home/nick/Projects/Code_Projects/nosgem/lib/wolfssl/wolfcrypt/src/random.c
wc_FreeRwLock_../home/nick/Projects/Code_Projects/nosgem/lib/wolfssl/wolfcrypt/src/wc_port.c
wc_GenerateSeed_../home/nick/Projects/Code_Projects/nosgem/lib/wolfssl/wolfcrypt/src/random.c
wc_GetCTC_HashOID_../home/nick/Projects/Code_Projects/nosgem/lib/wolfssl/wolfcrypt/src/asn.c
wc_GetDateAsCalendarTime_../home/nick/Projects/Code_Projects/nosgem/lib/wolfssl/wolfcrypt/src/asn.c
wc_GetDateInfo_../home/nick/Projects/Code_Projects/nosgem/lib/wolfssl/wolfcrypt/src/asn.c
wc_GetDecodedCertIssuer_../home/nick/Projects/Code_Projects/nosgem/lib/wolfssl/wolfcrypt/src/asn.c
wc_GetDecodedCertSerial_../home/nick/Projects/Code_Projects/nosgem/lib/wolfssl/wolfcrypt/src/asn.c
wc_GetDecodedCertSubject_../home/nick/Projects/Code_Projects/nosgem/lib/wolfssl/wolfcrypt/src/asn.c
wc_GetErrorString_../home/nick/Projects/Code_Projects/nosgem/lib/wolfssl/wolfcrypt/src/error.c
wc_GetKeyOID_../home/nick/Projects/Code_Projects/nosgem/lib/wolfssl/wolfcrypt/src/asn.c
wc_GetPkcs8TraditionalOffset_../home/nick/Projects/Code_Projects/nosgem/lib/wolfssl/wolfcrypt/src/asn.c
wc_GetPubKeyDerFromCert_../home/nick/Projects/Code_Projects/nosgem/lib/wolfssl/wolfcrypt/src/asn.c
wc_GetPubX509_../home/nick/Projects/Code_Projects/nosgem/lib/wolfssl/wolfcrypt/src/asn.c
wc_GetSubjectPubKeyInfoDerFromCert_../home/nick/Projects/Code_Projects/nosgem/lib/wolfssl/wolfcrypt/src/asn.c
wc_GetTime_../home/nick/Projects/Code_Projects/nosgem/lib/wolfssl/wolfcrypt/src/asn.c
wc_GmacSetKey_../home/nick/Projects/Code_Projects/nosgem/lib/wolfssl/wolfcrypt/src/aes.c
wc_GmacUpdate_../home/nick/Projects/Code_Projects/nosgem/lib/wolfssl/wolfcrypt/src/aes.c
wc_GmacVerify_../home/nick/Projects/Code_Projects/nosgem/lib/wolfssl/wolfcrypt/src/aes.c
wc_Gmac_../home/nick/Projects/Code_Projects/nosgem/lib/wolfssl/wolfcrypt/src/aes.c
wc_HashDelete_../home/nick/Projects/Code_Projects/nosgem/lib/wolfssl/wolfcrypt/src/hash.c
wc_HashFinal_../home/nick/Projects/Code_Projects/nosgem/lib/wolfssl/wolfcrypt/src/hash.c
wc_HashFree_../home/nick/Projects/Code_Projects/nosgem/lib/wolfssl/wolfcrypt/src/hash.c
wc_HashGetBlockSize_../home/nick/Projects/Code_Projects/nosgem/lib/wolfssl/wolfcrypt/src/hash.c
wc_HashGetDigestSize_../home/nick/Projects/Code_Projects/nosgem/lib/wolfssl/wolfcrypt/src/hash.c
wc_HashGetOID_../home/nick/Projects/Code_Projects/nosgem/lib/wolfssl/wolfcrypt/src/hash.c
wc_HashInit_../home/nick/Projects/Code_Projects/nosgem/lib/wolfssl/wolfcrypt/src/hash.c
wc_HashInit_ex_../home/nick/Projects/Code_Projects/nosgem/lib/wolfssl/wolfcrypt/src/hash.c
wc_HashNew_../home/nick/Projects/Code_Projects/nosgem/lib/wolfssl/wolfcrypt/src/hash.c
wc_HashTypeConvert_../home/nick/Projects/Code_Projects/nosgem/lib/wolfssl/wolfcrypt/src/hash.c
wc_HashUpdate_../home/nick/Projects/Code_Projects/nosgem/lib/wolfssl/wolfcrypt/src/hash.c
wc_Hash_../home/nick/Projects/Code_Projects/nosgem/lib/wolfssl/wolfcrypt/src/hash.c
wc_Hash_ex_../home/nick/Projects/Code_Projects/nosgem/lib/wolfssl/wolfcrypt/src/hash.c
wc_HmacCopy_../home/nick/Projects/Code_Projects/nosgem/lib/wolfssl/wolfcrypt/src/hmac.c
wc_HmacFinal_../home/nick/Projects/Code_Projects/nosgem/lib/wolfssl/wolfcrypt/src/hmac.c
wc_HmacFree_../home/nick/Projects/Code_Projects/nosgem/lib/wolfssl/wolfcrypt/src/hmac.c
wc_HmacInit_../home/nick/Projects/Code_Projects/nosgem/lib/wolfssl/wolfcrypt/src/hmac.c
wc_HmacSetKey_../home/nick/Projects/Code_Projects/nosgem/lib/wolfssl/wolfcrypt/src/hmac.c
wc_HmacSetKey_ex_../home/nick/Projects/Code_Projects/nosgem/lib/wolfssl/wolfcrypt/src/hmac.c
wc_HmacSizeByType_../home/nick/Projects/Code_Projects/nosgem/lib/wolfssl/wolfcrypt/src/hmac.c
wc_HmacUpdate_../home/nick/Projects/Code_Projects/nosgem/lib/wolfssl/wolfcrypt/src/hmac.c
wc_IndexSequenceOf_../home/nick/Projects/Code_Projects/nosgem/lib/wolfssl/wolfcrypt/src/asn.c
wc_InitAndAllocMutex_../home/nick/Projects/Code_Projects/nosgem/lib/wolfssl/wolfcrypt/src/wc_port.c
wc_InitDecodedCert_../home/nick/Projects/Code_Projects/nosgem/lib/wolfssl/wolfcrypt/src/asn.c
wc_InitMutex_../home/nick/Projects/Code_Projects/nosgem/lib/wolfssl/wolfcrypt/src/wc_port.c
wc_InitRngNonce_../home/nick/Projects/Code_Projects/nosgem/lib/wolfssl/wolfcrypt/src/random.c
wc_InitRngNonce_ex_../home/nick/Projects/Code_Projects/nosgem/lib/wolfssl/wolfcrypt/src/random.c
wc_InitRng_../home/nick/Projects/Code_Projects/nosgem/lib/wolfssl/wolfcrypt/src/random.c
wc_InitRng_ex_../home/nick/Projects/Code_Projects/nosgem/lib/wolfssl/wolfcrypt/src/random.c
wc_InitRwLock_../home/nick/Projects/Code_Projects/nosgem/lib/wolfssl/wolfcrypt/src/wc_port.c
wc_InitSha256_../home/nick/Projects/Code_Projects/nosgem/lib/wolfssl/wolfcrypt/src/sha256.c
wc_InitSha256_ex_../home/nick/Projects/Code_Projects/nosgem/lib/wolfssl/wolfcrypt/src/sha256.c
wc_KeyPemToDer_../home/nick/Projects/Code_Projects/nosgem/lib/wolfssl/wolfcrypt/src/asn.c
wc_LockMutex_../home/nick/Projects/Code_Projects/nosgem/lib/wolfssl/wolfcrypt/src/wc_port.c
wc_LockRwLock_Rd_../home/nick/Projects/Code_Projects/nosgem/lib/wolfssl/wolfcrypt/src/wc_port.c
wc_LockRwLock_Wr_../home/nick/Projects/Code_Projects/nosgem/lib/wolfssl/wolfcrypt/src/wc_port.c
wc_OidGetHash_../home/nick/Projects/Code_Projects/nosgem/lib/wolfssl/wolfcrypt/src/hash.c
wc_ParseCert_../home/nick/Projects/Code_Projects/nosgem/lib/wolfssl/wolfcrypt/src/asn.c
wc_PemGetHeaderFooter_../home/nick/Projects/Code_Projects/nosgem/lib/wolfssl/wolfcrypt/src/asn.c
wc_PemToDer_../home/nick/Projects/Code_Projects/nosgem/lib/wolfssl/wolfcrypt/src/asn.c
wc_PkcsPad_../home/nick/Projects/Code_Projects/nosgem/lib/wolfssl/wolfcrypt/src/asn.c
wc_RNG_DRBG_Reseed_../home/nick/Projects/Code_Projects/nosgem/lib/wolfssl/wolfcrypt/src/random.c
wc_RNG_GenerateBlock_../home/nick/Projects/Code_Projects/nosgem/lib/wolfssl/wolfcrypt/src/random.c
wc_RNG_GenerateByte_../home/nick/Projects/Code_Projects/nosgem/lib/wolfssl/wolfcrypt/src/random.c
wc_RNG_HealthTest_../home/nick/Projects/Code_Projects/nosgem/lib/wolfssl/wolfcrypt/src/random.c
wc_RNG_HealthTest_ex_../home/nick/Projects/Code_Projects/nosgem/lib/wolfssl/wolfcrypt/src/random.c
wc_RNG_TestSeed_../home/nick/Projects/Code_Projects/nosgem/lib/wolfssl/wolfcrypt/src/random.c
wc_SetTimeCb_../home/nick/Projects/Code_Projects/nosgem/lib/wolfssl/wolfcrypt/src/asn.c
wc_Sha256Copy_../home/nick/Projects/Code_Projects/nosgem/lib/wolfssl/wolfcrypt/src/sha256.c
wc_Sha256FinalRaw_../home/nick/Projects/Code_Projects/nosgem/lib/wolfssl/wolfcrypt/src/sha256.c
wc_Sha256Final_../home/nick/Projects/Code_Projects/nosgem/lib/wolfssl/wolfcrypt/src/sha256.c
wc_Sha256Free_../home/nick/Projects/Code_Projects/nosgem/lib/wolfssl/wolfcrypt/src/sha256.c
wc_Sha256GetHash_../home/nick/Projects/Code_Projects/nosgem/lib/wolfssl/wolfcrypt/src/sha256.c
wc_Sha256Hash_../home/nick/Projects/Code_Projects/nosgem/lib/wolfssl/wolfcrypt/src/hash.c
wc_Sha256Hash_ex_../home/nick/Projects/Code_Projects/nosgem/lib/wolfssl/wolfcrypt/src/hash.c
wc_Sha256Update_../home/nick/Projects/Code_Projects/nosgem/lib/wolfssl/wolfcrypt/src/sha256.c
wc_SignatureGenerateHash_../home/nick/Projects/Code_Projects/nosgem/lib/wolfssl/wolfcrypt/src/signature.c
wc_SignatureGenerateHash_ex_../home/nick/Projects/Code_Projects/nosgem/lib/wolfssl/wolfcrypt/src/signature.c
wc_SignatureGenerate_../home/nick/Projects/Code_Projects/nosgem/lib/wolfssl/wolfcrypt/src/signature.c
wc_SignatureGenerate_ex_../home/nick/Projects/Code_Projects/nosgem/lib/wolfssl/wolfcrypt/src/signature.c
wc_SignatureGetSize_../home/nick/Projects/Code_Projects/nosgem/lib/wolfssl/wolfcrypt/src/signature.c
wc_SignatureVerifyHash_../home/nick/Projects/Code_Projects/nosgem/lib/wolfssl/wolfcrypt/src/signature.c
wc_SignatureVerify_../home/nick/Projects/Code_Projects/nosgem/lib/wolfssl/wolfcrypt/src/signature.c
wc_Time_../home/nick/Projects/Code_Projects/nosgem/lib/wolfssl/wolfcrypt/src/asn.c
wc_UnLockMutex_../home/nick/Projects/Code_Projects/nosgem/lib/wolfssl/wolfcrypt/src/wc_port.c
wc_UnLockRwLock_../home/nick/Projects/Code_Projects/nosgem/lib/wolfssl/wolfcrypt/src/wc_port.c
wc_ValidateDateWithTime_../home/nick/Projects/Code_Projects/nosgem/lib/wolfssl/wolfcrypt/src/asn.c
wc_ValidateDate_../home/nick/Projects/Code_Projects/nosgem/lib/wolfssl/wolfcrypt/src/asn.c
wc_ecc_check_key_../home/nick/Projects/Code_Projects/nosgem/lib/wolfssl/wolfcrypt/src/ecc.c
wc_ecc_cmp_point_../home/nick/Projects/Code_Projects/nosgem/lib/wolfssl/wolfcrypt/src/ecc.c
wc_ecc_copy_point_../home/nick/Projects/Code_Projects/nosgem/lib/wolfssl/wolfcrypt/src/ecc.c
wc_ecc_del_point_../home/nick/Projects/Code_Projects/nosgem/lib/wolfssl/wolfcrypt/src/ecc.c
wc_ecc_del_point_h_../home/nick/Projects/Code_Projects/nosgem/lib/wolfssl/wolfcrypt/src/ecc.c
wc_ecc_export_ex_../home/nick/Projects/Code_Projects/nosgem/lib/wolfssl/wolfcrypt/src/ecc.c
wc_ecc_export_point_der_../home/nick/Projects/Code_Projects/nosgem/lib/wolfssl/wolfcrypt/src/ecc.c
wc_ecc_export_point_der_ex_../home/nick/Projects/Code_Projects/nosgem/lib/wolfssl/wolfcrypt/src/ecc.c
wc_ecc_export_private_only_../home/nick/Projects/Code_Projects/nosgem/lib/wolfssl/wolfcrypt/src/ecc.c
wc_ecc_export_private_raw_../home/nick/Projects/Code_Projects/nosgem/lib/wolfssl/wolfcrypt/src/ecc.c
wc_ecc_export_public_raw_../home/nick/Projects/Code_Projects/nosgem/lib/wolfssl/wolfcrypt/src/ecc.c
wc_ecc_export_x963_../home/nick/Projects/Code_Projects/nosgem/lib/wolfssl/wolfcrypt/src/ecc.c
wc_ecc_export_x963_ex_../home/nick/Projects/Code_Projects/nosgem/lib/wolfssl/wolfcrypt/src/ecc.c
wc_ecc_forcezero_point_../home/nick/Projects/Code_Projects/nosgem/lib/wolfssl/wolfcrypt/src/ecc.c
wc_ecc_free_../home/nick/Projects/Code_Projects/nosgem/lib/wolfssl/wolfcrypt/src/ecc.c
wc_ecc_gen_k_../home/nick/Projects/Code_Projects/nosgem/lib/wolfssl/wolfcrypt/src/ecc.c
wc_ecc_get_curve_id_../home/nick/Projects/Code_Projects/nosgem/lib/wolfssl/wolfcrypt/src/ecc.c
wc_ecc_get_curve_id_from_dp_params_../home/nick/Projects/Code_Projects/nosgem/lib/wolfssl/wolfcrypt/src/ecc.c
wc_ecc_get_curve_id_from_name_../home/nick/Projects/Code_Projects/nosgem/lib/wolfssl/wolfcrypt/src/ecc.c
wc_ecc_get_curve_id_from_oid_../home/nick/Projects/Code_Projects/nosgem/lib/wolfssl/wolfcrypt/src/ecc.c
wc_ecc_get_curve_id_from_params_../home/nick/Projects/Code_Projects/nosgem/lib/wolfssl/wolfcrypt/src/ecc.c
wc_ecc_get_curve_idx_../home/nick/Projects/Code_Projects/nosgem/lib/wolfssl/wolfcrypt/src/ecc.c
wc_ecc_get_curve_idx_from_name_../home/nick/Projects/Code_Projects/nosgem/lib/wolfssl/wolfcrypt/src/ecc.c
wc_ecc_get_curve_params_../home/nick/Projects/Code_Projects/nosgem/lib/wolfssl/wolfcrypt/src/ecc.c
wc_ecc_get_curve_size_from_id_../home/nick/Projects/Code_Projects/nosgem/lib/wolfssl/wolfcrypt/src/ecc.c
wc_ecc_get_curve_size_from_name_../home/nick/Projects/Code_Projects/nosgem/lib/wolfssl/wolfcrypt/src/ecc.c
wc_ecc_get_name_../home/nick/Projects/Code_Projects/nosgem/lib/wolfssl/wolfcrypt/src/ecc.c
wc_ecc_get_oid_../home/nick/Projects/Code_Projects/nosgem/lib/wolfssl/wolfcrypt/src/ecc.c
wc_ecc_get_sets_../home/nick/Projects/Code_Projects/nosgem/lib/wolfssl/wolfcrypt/src/ecc.c
wc_ecc_get_sets_count_../home/nick/Projects/Code_Projects/nosgem/lib/wolfssl/wolfcrypt/src/ecc.c
wc_ecc_import_point_der_../home/nick/Projects/Code_Projects/nosgem/lib/wolfssl/wolfcrypt/src/ecc.c
wc_ecc_import_point_der_ex_../home/nick/Projects/Code_Projects/nosgem/lib/wolfssl/wolfcrypt/src/ecc.c
wc_ecc_import_private_key_../home/nick/Projects/Code_Projects/nosgem/lib/wolfssl/wolfcrypt/src/ecc.c
wc_ecc_import_private_key_ex_../home/nick/Projects/Code_Projects/nosgem/lib/wolfssl/wolfcrypt/src/ecc.c
wc_ecc_import_raw_../home/nick/Projects/Code_Projects/nosgem/lib/wolfssl/wolfcrypt/src/ecc.c
wc_ecc_import_raw_ex_../home/nick/Projects/Code_Projects/nosgem/lib/wolfssl/wolfcrypt/src/ecc.c
wc_ecc_import_unsigned_../home/nick/Projects/Code_Projects/nosgem/lib/wolfssl/wolfcrypt/src/ecc.c
wc_ecc_import_x963_../home/nick/Projects/Code_Projects/nosgem/lib/wolfssl/wolfcrypt/src/ecc.c
wc_ecc_import_x963_ex2_../home/nick/Projects/Code_Projects/nosgem/lib/wolfssl/wolfcrypt/src/ecc.c
wc_ecc_import_x963_ex_../home/nick/Projects/Code_Projects/nosgem/lib/wolfssl/wolfcrypt/src/ecc.c
wc_ecc_init_../home/nick/Projects/Code_Projects/nosgem/lib/wolfssl/wolfcrypt/src/ecc.c
wc_ecc_init_ex_../home/nick/Projects/Code_Projects/nosgem/lib/wolfssl/wolfcrypt/src/ecc.c
wc_ecc_is_point_../home/nick/Projects/Code_Projects/nosgem/lib/wolfssl/wolfcrypt/src/ecc.c
wc_ecc_is_valid_idx_../home/nick/Projects/Code_Projects/nosgem/lib/wolfssl/wolfcrypt/src/ecc.c
wc_ecc_key_free_../home/nick/Projects/Code_Projects/nosgem/lib/wolfssl/wolfcrypt/src/ecc.c
wc_ecc_key_new_../home/nick/Projects/Code_Projects/nosgem/lib/wolfssl/wolfcrypt/src/ecc.c
wc_ecc_make_key_../home/nick/Projects/Code_Projects/nosgem/lib/wolfssl/wolfcrypt/src/ecc.c
wc_ecc_make_key_ex2_../home/nick/Projects/Code_Projects/nosgem/lib/wolfssl/wolfcrypt/src/ecc.c
wc_ecc_make_key_ex_../home/nick/Projects/Code_Projects/nosgem/lib/wolfssl/wolfcrypt/src/ecc.c
wc_ecc_make_pub_../home/nick/Projects/Code_Projects/nosgem/lib/wolfssl/wolfcrypt/src/ecc.c
wc_ecc_make_pub_ex_../home/nick/Projects/Code_Projects/nosgem/lib/wolfssl/wolfcrypt/src/ecc.c
wc_ecc_mulmod_../home/nick/Projects/Code_Projects/nosgem/lib/wolfssl/wolfcrypt/src/ecc.c
wc_ecc_mulmod_ex2_../home/nick/Projects/Code_Projects/nosgem/lib/wolfssl/wolfcrypt/src/ecc.c
wc_ecc_mulmod_ex_../home/nick/Projects/Code_Projects/nosgem/lib/wolfssl/wolfcrypt/src/ecc.c
wc_ecc_new_point_../home/nick/Projects/Code_Projects/nosgem/lib/wolfssl/wolfcrypt/src/ecc.c
wc_ecc_new_point_h_../home/nick/Projects/Code_Projects/nosgem/lib/wolfssl/wolfcrypt/src/ecc.c
wc_ecc_point_is_at_infinity_../home/nick/Projects/Code_Projects/nosgem/lib/wolfssl/wolfcrypt/src/ecc.c
wc_ecc_rs_raw_to_sig_../home/nick/Projects/Code_Projects/nosgem/lib/wolfssl/wolfcrypt/src/ecc.c
wc_ecc_rs_to_sig_../home/nick/Projects/Code_Projects/nosgem/lib/wolfssl/wolfcrypt/src/ecc.c
wc_ecc_set_curve_../home/nick/Projects/Code_Projects/nosgem/lib/wolfssl/wolfcrypt/src/ecc.c
wc_ecc_set_flags_../home/nick/Projects/Code_Projects/nosgem/lib/wolfssl/wolfcrypt/src/ecc.c
wc_ecc_set_rng_../home/nick/Projects/Code_Projects/nosgem/lib/wolfssl/wolfcrypt/src/ecc.c
wc_ecc_shared_secret_../home/nick/Projects/Code_Projects/nosgem/lib/wolfssl/wolfcrypt/src/ecc.c
wc_ecc_shared_secret_ex_../home/nick/Projects/Code_Projects/nosgem/lib/wolfssl/wolfcrypt/src/ecc.c
wc_ecc_shared_secret_gen_sync_../home/nick/Projects/Code_Projects/nosgem/lib/wolfssl/wolfcrypt/src/ecc.c
wc_ecc_sig_size_../home/nick/Projects/Code_Projects/nosgem/lib/wolfssl/wolfcrypt/src/ecc.c
wc_ecc_sig_size_calc_../home/nick/Projects/Code_Projects/nosgem/lib/wolfssl/wolfcrypt/src/ecc.c
wc_ecc_sig_to_rs_../home/nick/Projects/Code_Projects/nosgem/lib/wolfssl/wolfcrypt/src/ecc.c
wc_ecc_sign_hash_../home/nick/Projects/Code_Projects/nosgem/lib/wolfssl/wolfcrypt/src/ecc.c
wc_ecc_sign_hash_ex_../home/nick/Projects/Code_Projects/nosgem/lib/wolfssl/wolfcrypt/src/ecc.c
wc_ecc_size_../home/nick/Projects/Code_Projects/nosgem/lib/wolfssl/wolfcrypt/src/ecc.c
wc_ecc_verify_hash_../home/nick/Projects/Code_Projects/nosgem/lib/wolfssl/wolfcrypt/src/ecc.c
wc_ecc_verify_hash_ex_../home/nick/Projects/Code_Projects/nosgem/lib/wolfssl/wolfcrypt/src/ecc.c
wc_export_int_../home/nick/Projects/Code_Projects/nosgem/lib/wolfssl/wolfcrypt/src/wolfmath.c
wc_oid_sum_../home/nick/Projects/Code_Projects/nosgem/lib/wolfssl/wolfcrypt/src/asn.c
wc_rng_free_../home/nick/Projects/Code_Projects/nosgem/lib/wolfssl/wolfcrypt/src/random.c
wc_rng_new_../home/nick/Projects/Code_Projects/nosgem/lib/wolfssl/wolfcrypt/src/random.c
wc_rng_new_ex_../home/nick/Projects/Code_Projects/nosgem/lib/wolfssl/wolfcrypt/src/random.c
wc_strdup_ex_../home/nick/Projects/Code_Projects/nosgem/lib/wolfssl/wolfcrypt/src/wc_port.c
wc_strlcat_../home/nick/Projects/Code_Projects/nosgem/lib/wolfssl/wolfcrypt/src/wc_port.c
wc_strlcpy_../home/nick/Projects/Code_Projects/nosgem/lib/wolfssl/wolfcrypt/src/wc_port.c
wolfCrypt_Cleanup_../home/nick/Projects/Code_Projects/nosgem/lib/wolfssl/wolfcrypt/src/wc_port.c
wolfCrypt_Init_../home/nick/Projects/Code_Projects/nosgem/lib/wolfssl/wolfcrypt/src/wc_port.c
wolfSSL_CIPHER_get_id_../home/nick/Projects/Code_Projects/nosgem/lib/wolfssl/src/ssl.c
wolfSSL_CIPHER_get_name_../home/nick/Projects/Code_Projects/nosgem/lib/wolfssl/src/ssl.c
wolfSSL_CIPHER_get_version_../home/nick/Projects/Code_Projects/nosgem/lib/wolfssl/src/ssl.c
wolfSSL_CTX_GetCertManager_../home/nick/Projects/Code_Projects/nosgem/lib/wolfssl/src/ssl.c
wolfSSL_CTX_GetDevId_../home/nick/Projects/Code_Projects/nosgem/lib/wolfssl/src/ssl.c
wolfSSL_CTX_GetHeap_../home/nick/Projects/Code_Projects/nosgem/lib/wolfssl/src/ssl.c
wolfSSL_CTX_GetObjectSize_../home/nick/Projects/Code_Projects/nosgem/lib/wolfssl/src/ssl.c
wolfSSL_CTX_SetCACb_../home/nick/Projects/Code_Projects/nosgem/lib/wolfssl/src/ssl.c
wolfSSL_CTX_SetCertCbCtx_../home/nick/Projects/Code_Projects/nosgem/lib/wolfssl/src/ssl.c
wolfSSL_CTX_SetDevId_../home/nick/Projects/Code_Projects/nosgem/lib/wolfssl/src/ssl.c
wolfSSL_CTX_SetIORecv_../home/nick/Projects/Code_Projects/nosgem/lib/wolfssl/src/wolfio.c
wolfSSL_CTX_SetIOSend_../home/nick/Projects/Code_Projects/nosgem/lib/wolfssl/src/wolfio.c
wolfSSL_CTX_SetMaxDhKey_Sz_../home/nick/Projects/Code_Projects/nosgem/lib/wolfssl/src/ssl.c
wolfSSL_CTX_SetMinDhKey_Sz_../home/nick/Projects/Code_Projects/nosgem/lib/wolfssl/src/ssl.c
wolfSSL_CTX_SetMinEccKey_Sz_../home/nick/Projects/Code_Projects/nosgem/lib/wolfssl/src/ssl.c
wolfSSL_CTX_SetMinVersion_../home/nick/Projects/Code_Projects/nosgem/lib/wolfssl/src/ssl.c
wolfSSL_CTX_SetTmpDH_../home/nick/Projects/Code_Projects/nosgem/lib/wolfssl/src/ssl.c
wolfSSL_CTX_SetTmpDH_buffer_../home/nick/Projects/Code_Projects/nosgem/lib/wolfssl/src/ssl.c
wolfSSL_CTX_SetTmpEC_DHE_Sz_../home/nick/Projects/Code_Projects/nosgem/lib/wolfssl/src/ssl.c
wolfSSL_CTX_UnloadCAs_../home/nick/Projects/Code_Projects/nosgem/lib/wolfssl/src/ssl.c
wolfSSL_CTX_UnloadIntermediateCerts_../home/nick/Projects/Code_Projects/nosgem/lib/wolfssl/src/ssl.c
wolfSSL_CTX_UseClientSuites_../home/nick/Projects/Code_Projects/nosgem/lib/wolfssl/src/ssl.c
wolfSSL_CTX_check_private_key_../home/nick/Projects/Code_Projects/nosgem/lib/wolfssl/src/ssl.c
wolfSSL_CTX_clear_group_messages_../home/nick/Projects/Code_Projects/nosgem/lib/wolfssl/src/ssl.c
wolfSSL_CTX_clear_options_../home/nick/Projects/Code_Projects/nosgem/lib/wolfssl/src/ssl.c
wolfSSL_CTX_free_../home/nick/Projects/Code_Projects/nosgem/lib/wolfssl/src/ssl.c
wolfSSL_CTX_get_options_../home/nick/Projects/Code_Projects/nosgem/lib/wolfssl/src/ssl.c
wolfSSL_CTX_get_verify_depth_../home/nick/Projects/Code_Projects/nosgem/lib/wolfssl/src/ssl.c
wolfSSL_CTX_load_verify_buffer_../home/nick/Projects/Code_Projects/nosgem/lib/wolfssl/src/ssl.c
wolfSSL_CTX_load_verify_buffer_ex_../home/nick/Projects/Code_Projects/nosgem/lib/wolfssl/src/ssl.c
wolfSSL_CTX_load_verify_chain_buffer_format_../home/nick/Projects/Code_Projects/nosgem/lib/wolfssl/src/ssl.c
wolfSSL_CTX_mutual_auth_../home/nick/Projects/Code_Projects/nosgem/lib/wolfssl/src/ssl.c
wolfSSL_CTX_new_../home/nick/Projects/Code_Projects/nosgem/lib/wolfssl/src/ssl.c
wolfSSL_CTX_new_ex_../home/nick/Projects/Code_Projects/nosgem/lib/wolfssl/src/ssl.c
wolfSSL_CTX_new_rng_../home/nick/Projects/Code_Projects/nosgem/lib/wolfssl/src/ssl.c
wolfSSL_CTX_set_cipher_list_../home/nick/Projects/Code_Projects/nosgem/lib/wolfssl/src/ssl.c
wolfSSL_CTX_set_group_messages_../home/nick/Projects/Code_Projects/nosgem/lib/wolfssl/src/ssl.c
wolfSSL_CTX_set_options_../home/nick/Projects/Code_Projects/nosgem/lib/wolfssl/src/ssl.c
wolfSSL_CTX_set_verify_../home/nick/Projects/Code_Projects/nosgem/lib/wolfssl/src/ssl.c
wolfSSL_CTX_set_verify_depth_../home/nick/Projects/Code_Projects/nosgem/lib/wolfssl/src/ssl.c
wolfSSL_CTX_up_ref_../home/nick/Projects/Code_Projects/nosgem/lib/wolfssl/src/ssl.c
wolfSSL_CTX_use_PrivateKey_buffer_../home/nick/Projects/Code_Projects/nosgem/lib/wolfssl/src/ssl.c
wolfSSL_CTX_use_certificate_buffer_../home/nick/Projects/Code_Projects/nosgem/lib/wolfssl/src/ssl.c
wolfSSL_CTX_use_certificate_chain_buffer_../home/nick/Projects/Code_Projects/nosgem/lib/wolfssl/src/ssl.c
wolfSSL_CTX_use_certificate_chain_buffer_format_../home/nick/Projects/Code_Projects/nosgem/lib/wolfssl/src/ssl.c
wolfSSL_CertManagerDisableCRL_../home/nick/Projects/Code_Projects/nosgem/lib/wolfssl/src/ssl.c
wolfSSL_CertManagerDisableOCSPMustStaple_../home/nick/Projects/Code_Projects/nosgem/lib/wolfssl/src/ssl.c
wolfSSL_CertManagerDisableOCSPStapling_../home/nick/Projects/Code_Projects/nosgem/lib/wolfssl/src/ssl.c
wolfSSL_CertManagerDisableOCSP_../home/nick/Projects/Code_Projects/nosgem/lib/wolfssl/src/ssl.c
wolfSSL_CertManagerEnableCRL_../home/nick/Projects/Code_Projects/nosgem/lib/wolfssl/src/ssl.c
wolfSSL_CertManagerEnableOCSPMustStaple_../home/nick/Projects/Code_Projects/nosgem/lib/wolfssl/src/ssl.c
wolfSSL_CertManagerEnableOCSPStapling_../home/nick/Projects/Code_Projects/nosgem/lib/wolfssl/src/ssl.c
wolfSSL_CertManagerEnableOCSP_../home/nick/Projects/Code_Projects/nosgem/lib/wolfssl/src/ssl.c
wolfSSL_CertManagerFree_../home/nick/Projects/Code_Projects/nosgem/lib/wolfssl/src/ssl.c
wolfSSL_CertManagerLoadCABufferType_../home/nick/Projects/Code_Projects/nosgem/lib/wolfssl/src/ssl.c
wolfSSL_CertManagerLoadCABuffer_../home/nick/Projects/Code_Projects/nosgem/lib/wolfssl/src/ssl.c
wolfSSL_CertManagerLoadCABuffer_ex_../home/nick/Projects/Code_Projects/nosgem/lib/wolfssl/src/ssl.c
wolfSSL_CertManagerNew_../home/nick/Projects/Code_Projects/nosgem/lib/wolfssl/src/ssl.c
wolfSSL_CertManagerNew_ex_../home/nick/Projects/Code_Projects/nosgem/lib/wolfssl/src/ssl.c
wolfSSL_CertManagerSetVerify_../home/nick/Projects/Code_Projects/nosgem/lib/wolfssl/src/ssl.c
wolfSSL_CertManagerUnloadCAs_../home/nick/Projects/Code_Projects/nosgem/lib/wolfssl/src/ssl.c
wolfSSL_CertManagerUnloadIntermediateCerts_../home/nick/Projects/Code_Projects/nosgem/lib/wolfssl/src/ssl.c
wolfSSL_CertManagerUnloadTypeCerts_../home/nick/Projects/Code_Projects/nosgem/lib/wolfssl/src/ssl.c
wolfSSL_CertManagerVerifyBuffer_../home/nick/Projects/Code_Projects/nosgem/lib/wolfssl/src/ssl.c
wolfSSL_CertManager_up_ref_../home/nick/Projects/Code_Projects/nosgem/lib/wolfssl/src/ssl.c
wolfSSL_Cleanup_../home/nick/Projects/Code_Projects/nosgem/lib/wolfssl/src/ssl.c
wolfSSL_DeriveTlsKeys_../home/nick/Projects/Code_Projects/nosgem/lib/wolfssl/src/tls.c
wolfSSL_DupSession_../home/nick/Projects/Code_Projects/nosgem/lib/wolfssl/src/ssl.c
wolfSSL_ERR_error_string_../home/nick/Projects/Code_Projects/nosgem/lib/wolfssl/src/ssl.c
wolfSSL_ERR_error_string_n_../home/nick/Projects/Code_Projects/nosgem/lib/wolfssl/src/ssl.c
wolfSSL_ERR_func_error_string_../home/nick/Projects/Code_Projects/nosgem/lib/wolfssl/src/internal.c
wolfSSL_ERR_lib_error_string_../home/nick/Projects/Code_Projects/nosgem/lib/wolfssl/src/internal.c
wolfSSL_ERR_reason_error_string_../home/nick/Projects/Code_Projects/nosgem/lib/wolfssl/src/internal.c
wolfSSL_FreeArrays_../home/nick/Projects/Code_Projects/nosgem/lib/wolfssl/src/ssl.c
wolfSSL_FreeHandshakeResources_../home/nick/Projects/Code_Projects/nosgem/lib/wolfssl/src/ssl.c
wolfSSL_FreeSession_../home/nick/Projects/Code_Projects/nosgem/lib/wolfssl/src/ssl.c
wolfSSL_Free_../home/nick/Projects/Code_Projects/nosgem/lib/wolfssl/wolfcrypt/src/memory.c
wolfSSL_GetAllocators_../home/nick/Projects/Code_Projects/nosgem/lib/wolfssl/wolfcrypt/src/memory.c
wolfSSL_GetDhKey_Sz_../home/nick/Projects/Code_Projects/nosgem/lib/wolfssl/src/ssl.c
wolfSSL_GetHmacMaxSize_../home/nick/Projects/Code_Projects/nosgem/lib/wolfssl/wolfcrypt/src/hmac.c
wolfSSL_GetHmacType_../home/nick/Projects/Code_Projects/nosgem/lib/wolfssl/src/tls.c
wolfSSL_GetHmacType_ex_../home/nick/Projects/Code_Projects/nosgem/lib/wolfssl/src/tls.c
wolfSSL_GetIOReadCtx_../home/nick/Projects/Code_Projects/nosgem/lib/wolfssl/src/wolfio.c
wolfSSL_GetIOWriteCtx_../home/nick/Projects/Code_Projects/nosgem/lib/wolfssl/src/wolfio.c
wolfSSL_GetMacSecret_../home/nick/Projects/Code_Projects/nosgem/lib/wolfssl/src/ssl.c
wolfSSL_GetMaxFragSize_../home/nick/Projects/Code_Projects/nosgem/lib/wolfssl/src/internal.c
wolfSSL_GetMaxOutputSize_../home/nick/Projects/Code_Projects/nosgem/lib/wolfssl/src/ssl.c
wolfSSL_GetObjectSize_../home/nick/Projects/Code_Projects/nosgem/lib/wolfssl/src/ssl.c
wolfSSL_GetOutputSize_../home/nick/Projects/Code_Projects/nosgem/lib/wolfssl/src/ssl.c
wolfSSL_GetRNG_../home/nick/Projects/Code_Projects/nosgem/lib/wolfssl/src/ssl.c
wolfSSL_GetSession_../home/nick/Projects/Code_Projects/nosgem/lib/wolfssl/src/ssl.c
wolfSSL_GetSide_../home/nick/Projects/Code_Projects/nosgem/lib/wolfssl/src/ssl.c
wolfSSL_GetVersion_../home/nick/Projects/Code_Projects/nosgem/lib/wolfssl/src/ssl.c
wolfSSL_Init_..../home/nick/Projects/Code_Projects/nosgem/lib/wolfssl/src/ssl.c
wolfSSL_KeepArrays_../home/nick/Projects/Code_Projects/nosgem/lib/wolfssl/src/ssl.c
wolfSSL_KeepHandshakeResources_../home/nick/Projects/Code_Projects/nosgem/lib/wolfssl/src/ssl.c
wolfSSL_METHOD_GetObjectSize_../home/nick/Projects/Code_Projects/nosgem/lib/wolfssl/src/ssl.c
wolfSSL_MakeTlsMasterSecret_../home/nick/Projects/Code_Projects/nosgem/lib/wolfssl/src/tls.c
wolfSSL_Malloc_../home/nick/Projects/Code_Projects/nosgem/lib/wolfssl/wolfcrypt/src/memory.c
wolfSSL_NewSession_../home/nick/Projects/Code_Projects/nosgem/lib/wolfssl/src/ssl.c
wolfSSL_Realloc_../home/nick/Projects/Code_Projects/nosgem/lib/wolfssl/wolfcrypt/src/memory.c
wolfSSL_ResourceFree_../home/nick/Projects/Code_Projects/nosgem/lib/wolfssl/src/internal.c
wolfSSL_SESSION_CIPHER_get_name_../home/nick/Projects/Code_Projects/nosgem/lib/wolfssl/src/ssl.c
wolfSSL_SESSION_dup_../home/nick/Projects/Code_Projects/nosgem/lib/wolfssl/src/ssl.c
wolfSSL_SESSION_free_../home/nick/Projects/Code_Projects/nosgem/lib/wolfssl/src/ssl.c
wolfSSL_SESSION_new_../home/nick/Projects/Code_Projects/nosgem/lib/wolfssl/src/ssl.c
wolfSSL_SESSION_new_ex_../home/nick/Projects/Code_Projects/nosgem/lib/wolfssl/src/ssl.c
wolfSSL_SESSION_up_ref_../home/nick/Projects/Code_Projects/nosgem/lib/wolfssl/src/ssl.c
wolfSSL_SSLDisableRead_../home/nick/Projects/Code_Projects/nosgem/lib/wolfssl/src/wolfio.c
wolfSSL_SSLEnableRead_../home/nick/Projects/Code_Projects/nosgem/lib/wolfssl/src/wolfio.c
wolfSSL_SSLSetIORecv_../home/nick/Projects/Code_Projects/nosgem/lib/wolfssl/src/wolfio.c
wolfSSL_SSLSetIOSend_../home/nick/Projects/Code_Projects/nosgem/lib/wolfssl/src/wolfio.c
wolfSSL_SendUserCanceled_../home/nick/Projects/Code_Projects/nosgem/lib/wolfssl/src/ssl.c
wolfSSL_SetAllocators_../home/nick/Projects/Code_Projects/nosgem/lib/wolfssl/wolfcrypt/src/memory.c
wolfSSL_SetCertCbCtx_../home/nick/Projects/Code_Projects/nosgem/lib/wolfssl/src/ssl.c
wolfSSL_SetDevId_../home/nick/Projects/Code_Projects/nosgem/lib/wolfssl/src/ssl.c
wolfSSL_SetEnableDhKeyTest_../home/nick/Projects/Code_Projects/nosgem/lib/wolfssl/src/ssl.c
wolfSSL_SetHsDoneCb_../home/nick/Projects/Code_Projects/nosgem/lib/wolfssl/src/ssl.c
wolfSSL_SetIOReadCtx_../home/nick/Projects/Code_Projects/nosgem/lib/wolfssl/src/wolfio.c
wolfSSL_SetIOReadFlags_../home/nick/Projects/Code_Projects/nosgem/lib/wolfssl/src/wolfio.c
wolfSSL_SetIOWriteCtx_../home/nick/Projects/Code_Projects/nosgem/lib/wolfssl/src/wolfio.c
wolfSSL_SetIOWriteFlags_../home/nick/Projects/Code_Projects/nosgem/lib/wolfssl/src/wolfio.c
wolfSSL_SetMaxDhKey_Sz_../home/nick/Projects/Code_Projects/nosgem/lib/wolfssl/src/ssl.c
wolfSSL_SetMinDhKey_Sz_../home/nick/Projects/Code_Projects/nosgem/lib/wolfssl/src/ssl.c
wolfSSL_SetMinEccKey_Sz_../home/nick/Projects/Code_Projects/nosgem/lib/wolfssl/src/ssl.c
wolfSSL_SetMinVersion_../home/nick/Projects/Code_Projects/nosgem/lib/wolfssl/src/ssl.c
wolfSSL_SetTlsHmacInner_../home/nick/Projects/Code_Projects/nosgem/lib/wolfssl/src/tls.c
wolfSSL_SetTmpDH_../home/nick/Projects/Code_Projects/nosgem/lib/wolfssl/src/ssl.c
wolfSSL_SetTmpDH_buffer_../home/nick/Projects/Code_Projects/nosgem/lib/wolfssl/src/ssl.c
wolfSSL_SetTmpEC_DHE_Sz_../home/nick/Projects/Code_Projects/nosgem/lib/wolfssl/src/ssl.c
wolfSSL_SetVersion_../home/nick/Projects/Code_Projects/nosgem/lib/wolfssl/src/ssl.c
wolfSSL_UnloadCertsKeys_../home/nick/Projects/Code_Projects/nosgem/lib/wolfssl/src/ssl.c
wolfSSL_UseClientSuites_../home/nick/Projects/Code_Projects/nosgem/lib/wolfssl/src/ssl.c
wolfSSL_X509_STORE_CTX_free_../home/nick/Projects/Code_Projects/nosgem/lib/wolfssl/src/ssl.c
wolfSSL_X509_STORE_CTX_get_error_../home/nick/Projects/Code_Projects/nosgem/lib/wolfssl/src/ssl.c
wolfSSL_X509_STORE_CTX_get_error_depth_../home/nick/Projects/Code_Projects/nosgem/lib/wolfssl/src/ssl.c
wolfSSL_X509_STORE_CTX_new_ex_../home/nick/Projects/Code_Projects/nosgem/lib/wolfssl/src/ssl.c
wolfSSL_X509_check_host_../home/nick/Projects/Code_Projects/nosgem/lib/wolfssl/src/ssl.c
wolfSSL_X509_check_ip_asc_../home/nick/Projects/Code_Projects/nosgem/lib/wolfssl/src/ssl.c
wolfSSL_check_domain_name_../home/nick/Projects/Code_Projects/nosgem/lib/wolfssl/src/ssl.c
wolfSSL_clear_group_messages_../home/nick/Projects/Code_Projects/nosgem/lib/wolfssl/src/ssl.c
wolfSSL_connect_../home/nick/Projects/Code_Projects/nosgem/lib/wolfssl/src/ssl.c
wolfSSL_connect_cert_../home/nick/Projects/Code_Projects/nosgem/lib/wolfssl/src/ssl.c
wolfSSL_dtls_..../home/nick/Projects/Code_Projects/nosgem/lib/wolfssl/src/ssl.c
wolfSSL_dtls_get0_peer_../home/nick/Projects/Code_Projects/nosgem/lib/wolfssl/src/ssl.c
wolfSSL_dtls_get_peer_../home/nick/Projects/Code_Projects/nosgem/lib/wolfssl/src/ssl.c
wolfSSL_dtls_get_using_nonblock_../home/nick/Projects/Code_Projects/nosgem/lib/wolfssl/src/ssl.c
wolfSSL_dtls_set_peer_../home/nick/Projects/Code_Projects/nosgem/lib/wolfssl/src/ssl.c
wolfSSL_dtls_set_using_nonblock_../home/nick/Projects/Code_Projects/nosgem/lib/wolfssl/src/ssl.c
wolfSSL_get_SSL_CTX_../home/nick/Projects/Code_Projects/nosgem/lib/wolfssl/src/ssl.c
wolfSSL_get_alert_history_../home/nick/Projects/Code_Projects/nosgem/lib/wolfssl/src/ssl.c
wolfSSL_get_cipher_../home/nick/Projects/Code_Projects/nosgem/lib/wolfssl/src/ssl.c
wolfSSL_get_cipher_by_value_../home/nick/Projects/Code_Projects/nosgem/lib/wolfssl/src/ssl.c
wolfSSL_get_cipher_list_../home/nick/Projects/Code_Projects/nosgem/lib/wolfssl/src/ssl.c
wolfSSL_get_cipher_list_ex_../home/nick/Projects/Code_Projects/nosgem/lib/wolfssl/src/ssl.c
wolfSSL_get_cipher_name_../home/nick/Projects/Code_Projects/nosgem/lib/wolfssl/src/ssl.c
wolfSSL_get_cipher_name_from_suite_../home/nick/Projects/Code_Projects/nosgem/lib/wolfssl/src/ssl.c
wolfSSL_get_cipher_name_iana_../home/nick/Projects/Code_Projects/nosgem/lib/wolfssl/src/internal.c
wolfSSL_get_cipher_name_iana_from_suite_../home/nick/Projects/Code_Projects/nosgem/lib/wolfssl/src/ssl.c
wolfSSL_get_cipher_name_internal_../home/nick/Projects/Code_Projects/nosgem/lib/wolfssl/src/internal.c
wolfSSL_get_cipher_suite_from_name_../home/nick/Projects/Code_Projects/nosgem/lib/wolfssl/src/ssl.c
wolfSSL_get_ciphers_../home/nick/Projects/Code_Projects/nosgem/lib/wolfssl/src/ssl.c
wolfSSL_get_ciphers_iana_../home/nick/Projects/Code_Projects/nosgem/lib/wolfssl/src/ssl.c
wolfSSL_get_current_cipher_../home/nick/Projects/Code_Projects/nosgem/lib/wolfssl/src/ssl.c
wolfSSL_get_current_cipher_suite_../home/nick/Projects/Code_Projects/nosgem/lib/wolfssl/src/ssl.c
wolfSSL_get_curve_name_../home/nick/Projects/Code_Projects/nosgem/lib/wolfssl/src/ssl.c
wolfSSL_get_error_../home/nick/Projects/Code_Projects/nosgem/lib/wolfssl/src/ssl.c
wolfSSL_get_ex_data_../home/nick/Projects/Code_Projects/nosgem/lib/wolfssl/src/ssl.c
wolfSSL_get_fd_../home/nick/Projects/Code_Projects/nosgem/lib/wolfssl/src/ssl.c
wolfSSL_get_options_../home/nick/Projects/Code_Projects/nosgem/lib/wolfssl/src/ssl.c
wolfSSL_get_shared_ciphers_../home/nick/Projects/Code_Projects/nosgem/lib/wolfssl/src/ssl.c
wolfSSL_get_shutdown_../home/nick/Projects/Code_Projects/nosgem/lib/wolfssl/src/ssl.c
wolfSSL_get_verify_depth_../home/nick/Projects/Code_Projects/nosgem/lib/wolfssl/src/ssl.c
wolfSSL_get_version_../home/nick/Projects/Code_Projects/nosgem/lib/wolfssl/src/ssl.c
wolfSSL_get_wfd_../home/nick/Projects/Code_Projects/nosgem/lib/wolfssl/src/ssl.c
wolfSSL_has_pending_../home/nick/Projects/Code_Projects/nosgem/lib/wolfssl/src/ssl.c
wolfSSL_inject_../home/nick/Projects/Code_Projects/nosgem/lib/wolfssl/src/ssl.c
wolfSSL_is_init_finished_../home/nick/Projects/Code_Projects/nosgem/lib/wolfssl/src/ssl.c
wolfSSL_is_server_../home/nick/Projects/Code_Projects/nosgem/lib/wolfssl/src/ssl.c
wolfSSL_lib_version_../home/nick/Projects/Code_Projects/nosgem/lib/wolfssl/src/ssl.c
wolfSSL_lib_version_hex_../home/nick/Projects/Code_Projects/nosgem/lib/wolfssl/src/ssl.c
wolfSSL_library_init_../home/nick/Projects/Code_Projects/nosgem/lib/wolfssl/src/ssl.c
wolfSSL_load_error_strings_../home/nick/Projects/Code_Projects/nosgem/lib/wolfssl/src/ssl.c
wolfSSL_make_eap_keys_../home/nick/Projects/Code_Projects/nosgem/lib/wolfssl/src/tls.c
wolfSSL_mutual_auth_../home/nick/Projects/Code_Projects/nosgem/lib/wolfssl/src/ssl.c
wolfSSL_negotiate_../home/nick/Projects/Code_Projects/nosgem/lib/wolfssl/src/ssl.c
wolfSSL_new_...../home/nick/Projects/Code_Projects/nosgem/lib/wolfssl/src/ssl.c
wolfSSL_peek_..../home/nick/Projects/Code_Projects/nosgem/lib/wolfssl/src/ssl.c
wolfSSL_pending_../home/nick/Projects/Code_Projects/nosgem/lib/wolfssl/src/ssl.c
wolfSSL_read_..../home/nick/Projects/Code_Projects/nosgem/lib/wolfssl/src/ssl.c
wolfSSL_read_ex_../home/nick/Projects/Code_Projects/nosgem/lib/wolfssl/src/ssl.c
wolfSSL_recv_..../home/nick/Projects/Code_Projects/nosgem/lib/wolfssl/src/ssl.c
wolfSSL_send_..../home/nick/Projects/Code_Projects/nosgem/lib/wolfssl/src/ssl.c
wolfSSL_session_reused_../home/nick/Projects/Code_Projects/nosgem/lib/wolfssl/src/ssl.c
wolfSSL_set_cipher_list_../home/nick/Projects/Code_Projects/nosgem/lib/wolfssl/src/ssl.c
wolfSSL_set_compression_../home/nick/Projects/Code_Projects/nosgem/lib/wolfssl/src/ssl.c
wolfSSL_set_ex_data_../home/nick/Projects/Code_Projects/nosgem/lib/wolfssl/src/ssl.c
wolfSSL_set_fd_../home/nick/Projects/Code_Projects/nosgem/lib/wolfssl/src/ssl.c
wolfSSL_set_group_messages_../home/nick/Projects/Code_Projects/nosgem/lib/wolfssl/src/ssl.c
wolfSSL_set_options_../home/nick/Projects/Code_Projects/nosgem/lib/wolfssl/src/ssl.c
wolfSSL_set_read_fd_../home/nick/Projects/Code_Projects/nosgem/lib/wolfssl/src/ssl.c
wolfSSL_set_verify_../home/nick/Projects/Code_Projects/nosgem/lib/wolfssl/src/ssl.c
wolfSSL_set_verify_result_../home/nick/Projects/Code_Projects/nosgem/lib/wolfssl/src/ssl.c
wolfSSL_set_write_fd_../home/nick/Projects/Code_Projects/nosgem/lib/wolfssl/src/ssl.c
wolfSSL_shutdown_../home/nick/Projects/Code_Projects/nosgem/lib/wolfssl/src/ssl.c
wolfSSL_state_.../home/nick/Projects/Code_Projects/nosgem/lib/wolfssl/src/ssl.c
wolfSSL_strnstr_../home/nick/Projects/Code_Projects/nosgem/lib/wolfssl/wolfcrypt/src/wc_port.c
wolfSSL_use_PrivateKey_buffer_../home/nick/Projects/Code_Projects/nosgem/lib/wolfssl/src/ssl.c
wolfSSL_use_certificate_ASN1_../home/nick/Projects/Code_Projects/nosgem/lib/wolfssl/src/ssl.c
wolfSSL_use_certificate_buffer_../home/nick/Projects/Code_Projects/nosgem/lib/wolfssl/src/ssl.c
wolfSSL_use_certificate_chain_buffer_../home/nick/Projects/Code_Projects/nosgem/lib/wolfssl/src/ssl.c
wolfSSL_use_certificate_chain_buffer_format_../home/nick/Projects/Code_Projects/nosgem/lib/wolfssl/src/ssl.c
wolfSSL_version_../home/nick/Projects/Code_Projects/nosgem/lib/wolfssl/src/ssl.c
wolfSSL_want_read_../home/nick/Projects/Code_Projects/nosgem/lib/wolfssl/src/ssl.c
wolfSSL_want_write_../home/nick/Projects/Code_Projects/nosgem/lib/wolfssl/src/ssl.c
wolfSSL_write_.../home/nick/Projects/Code_Projects/nosgem/lib/wolfssl/src/ssl.c
wolfSSL_write_ex_../home/nick/Projects/Code_Projects/nosgem/lib/wolfssl/src/ssl.c
wolfSSLv23_client_method_../home/nick/Projects/Code_Projects/nosgem/lib/wolfssl/src/ssl.c
wolfSSLv23_client_method_ex_../home/nick/Projects/Code_Projects/nosgem/lib/wolfssl/src/ssl.c
wolfTLS_client_method_../home/nick/Projects/Code_Projects/nosgem/lib/wolfssl/src/tls.c
wolfTLS_client_method_ex_../home/nick/Projects/Code_Projects/nosgem/lib/wolfssl/src/tls.c
wolfTLSv1_2_client_method_../home/nick/Projects/Code_Projects/nosgem/lib/wolfssl/src/tls.c
wolfTLSv1_2_client_method_ex_../home/nick/Projects/Code_Projects/nosgem/lib/wolfssl/src/tls.c
wolfssl_get_global_rng_../home/nick/Projects/Code_Projects/nosgem/lib/wolfssl/src/ssl.c
wolfssl_local_GetMaxPlaintextSize_../home/nick/Projects/Code_Projects/nosgem/lib/wolfssl/src/internal.c
wolfssl_local_GetRecordSize_../home/nick/Projects/Code_Projects/nosgem/lib/wolfssl/src/internal.c
wolfssl_local_MatchBaseName_../home/nick/Projects/Code_Projects/nosgem/lib/wolfssl/wolfcrypt/src/asn.c
wolfssl_local_MatchIpSubnet_../home/nick/Projects/Code_Projects/nosgem/lib/wolfssl/wolfcrypt/src/asn.c
wolfssl_local_MaybeCheckAlertOnErr_../home/nick/Projects/Code_Projects/nosgem/lib/wolfssl/src/internal.c
wolfssl_make_global_rng_../home/nick/Projects/Code_Projects/nosgem/lib/wolfssl/src/ssl.c
wolfssl_make_rng_../home/nick/Projects/Code_Projects/nosgem/lib/wolfssl/src/ssl.c
writeAeadAuthData_../home/nick/Projects/Code_Projects/nosgem/lib/wolfssl/src/internal.c
 
/home/nick/Projects/Code_Projects/nosgem/lib/wolfssl/wolfcrypt/src/aes.c Offset=00000200H
    GHASH_
    wc_AesCbcDecrypt_
    wc_AesCbcEncrypt_
    wc_AesDelete_
    wc_AesFree_
    wc_AesGcmDecrypt_
    wc_AesGcmEncrypt_
    wc_AesGcmEncrypt_ex_
    wc_AesGcmSetExtIV_
    wc_AesGcmSetIV_
    wc_AesGcmSetKey_
    wc_AesGetKeySize_
    wc_AesInit_
    wc_AesNew_
    wc_AesSetIV_
    wc_AesSetKey_
    wc_GmacSetKey_
    wc_GmacUpdate_
    wc_GmacVerify_
    wc_Gmac_
 
/home/nick/Projects/Code_Projects/nosgem/lib/wolfssl/wolfcrypt/src/asn.c Offset=0000aa00H
    AllocCopyDer_
    AllocDer_
    AltNameDup_
    AltNameNew_
    CalcHashId_
    CalcHashId_ex_
    CheckBitString_
    ConfirmSignature_
    DateGreaterThan_
    DecodeAuthKeyId_
    DecodeBasicCaConstraint_
    DecodeCert_
    DecodeECC_DSA_Sig_
    DecodeECC_DSA_Sig_Bin_
    DecodeECC_DSA_Sig_Ex_
    DecodeExtKeyUsage_
    DecodeExtensionType_
    DecodeKeyUsage_
    DecodeSubjKeyId_
    DecodeToKey_
    DecryptContent_
    EncryptContent_
    ExtractDate_
    FillSigner_
    FreeAltNames_
    FreeDecodedCert_
    FreeDer_
    FreeNameSubtrees_
    FreeSignatureCtx_
    FreeSignerTableType_
    FreeSignerTable_
    FreeSigner_
    GetASNHeader_
    GetASNInt_
    GetASNObjectId_
    GetASNTag_
    GetASN_BitString_
    GetASN_Items_
    GetAlgoIdEx_
    GetAlgoId_
    GetHashId_
    GetInt_
    GetLength_
    GetLength_ex_
    GetMyVersion_
    GetNameHash_
    GetNameHash_ex_
    GetName_
    GetObjectId_
    GetOctetString_
    GetSequence_
    GetSequence_ex_
    GetSet_
    GetSet_ex_
    GetShortInt_
    GetSigName_
    HashIdAlg_
    InitDecodedCert_
    InitDecodedCert_ex_
    InitSignatureCtx_
    MakeSigner_
    OidFromId_
    ParseCertRelative_
    ParseCert_
    PemToDer_
    SetASNLength_
    SetASN_Items_
    SetAlgoIDEx_
    SetAlgoID_
    SetBitString_
    SetExplicit_
    SetHeader_
    SetImplicit_
    SetLengthEx_
    SetLength_
    SetMyVersion_
    SetObjectId_
    SetOctetStringEx_
    SetOctetString_
    SetSequenceEx_
    SetSequence_
    SetSet_
    SetShortInt_
    SizeASN_Items_
    StoreECC_DSA_Sig_
    StoreECC_DSA_Sig_Bin_
    ToTraditionalEnc_
    ToTraditionalInline_
    ToTraditionalInline_ex2_
    ToTraditionalInline_ex_
    ToTraditional_
    ToTraditional_ex_
    TraditionalEnc_
    TraditionalEnc_ex_
    UnTraditionalEnc_
    _pem_struct_min_sz
    findSignerByName_
    wc_AllocDer_
    wc_AsnGetSkipDateCheck_
    wc_AsnSetSkipDateCheck_
    wc_BuildEccKeyDer_
    wc_CertPemToDer_
    wc_CheckPrivateKeyCert_
    wc_CheckPrivateKey_
    wc_CreateEncryptedPKCS8Key_
    wc_CreatePKCS8Key_
    wc_DecryptPKCS8Key_
    wc_DhKeyDecode_
    wc_DhParamsLoad_
    wc_EccKeyDerSize_
    wc_EccKeyToDer_
    wc_EccKeyToPKCS8_
    wc_EccPrivateKeyDecode_
    wc_EccPrivateKeyToDer_
    wc_EccPrivateKeyToPKCS8_
    wc_EccPublicKeyDecode_
    wc_EccPublicKeyDerSize_
    wc_EccPublicKeyToDer_
    wc_EccPublicKeyToDer_ex_
    wc_EncodeSignature_
    wc_EncryptPKCS8Key_
    wc_EncryptPKCS8Key_ex_
    wc_FreeDecodedCert_
    wc_FreeDer_
    wc_GetCTC_HashOID_
    wc_GetDateAsCalendarTime_
    wc_GetDateInfo_
    wc_GetDecodedCertIssuer_
    wc_GetDecodedCertSerial_
    wc_GetDecodedCertSubject_
    wc_GetKeyOID_
    wc_GetPkcs8TraditionalOffset_
    wc_GetPubKeyDerFromCert_
    wc_GetPubX509_
    wc_GetSubjectPubKeyInfoDerFromCert_
    wc_GetTime_
    wc_IndexSequenceOf_
    wc_InitDecodedCert_
    wc_KeyPemToDer_
    wc_ParseCert_
    wc_PemGetHeaderFooter_
    wc_PemToDer_
    wc_PkcsPad_
    wc_SetTimeCb_
    wc_Time_
    wc_ValidateDateWithTime_
    wc_ValidateDate_
    wc_oid_sum_
    wolfssl_local_MatchBaseName_
    wolfssl_local_MatchIpSubnet_
 
/home/nick/Projects/Code_Projects/nosgem/lib/wolfssl/wolfcrypt/src/coding.c Offset=0001b800H
    Base16_Decode_
    Base16_Encode_
    Base64_Decode_
    Base64_Decode_nonCT_
    Base64_SkipNewline_
 
/home/nick/Projects/Code_Projects/nosgem/lib/wolfssl/wolfcrypt/src/ecc.c Offset=0001d000H
    ecc_map_
    ecc_map_ex_
    ecc_projective_add_point_
    ecc_projective_add_point_safe_
    ecc_projective_dbl_point_
    ecc_projective_dbl_point_safe_
    wc_ecc_check_key_
    wc_ecc_cmp_point_
    wc_ecc_copy_point_
    wc_ecc_del_point_
    wc_ecc_del_point_h_
    wc_ecc_export_ex_
    wc_ecc_export_point_der_
    wc_ecc_export_point_der_ex_
    wc_ecc_export_private_only_
    wc_ecc_export_private_raw_
    wc_ecc_export_public_raw_
    wc_ecc_export_x963_
    wc_ecc_export_x963_ex_
    wc_ecc_forcezero_point_
    wc_ecc_free_
    wc_ecc_gen_k_
    wc_ecc_get_curve_id_
    wc_ecc_get_curve_id_from_dp_params_
    wc_ecc_get_curve_id_from_name_
    wc_ecc_get_curve_id_from_oid_
    wc_ecc_get_curve_id_from_params_
    wc_ecc_get_curve_idx_
    wc_ecc_get_curve_idx_from_name_
    wc_ecc_get_curve_params_
    wc_ecc_get_curve_size_from_id_
    wc_ecc_get_curve_size_from_name_
    wc_ecc_get_name_
    wc_ecc_get_oid_
    wc_ecc_get_sets_
    wc_ecc_get_sets_count_
    wc_ecc_import_point_der_
    wc_ecc_import_point_der_ex_
    wc_ecc_import_private_key_
    wc_ecc_import_private_key_ex_
    wc_ecc_import_raw_
    wc_ecc_import_raw_ex_
    wc_ecc_import_unsigned_
    wc_ecc_import_x963_
    wc_ecc_import_x963_ex2_
    wc_ecc_import_x963_ex_
    wc_ecc_init_
    wc_ecc_init_ex_
    wc_ecc_is_point_
    wc_ecc_is_valid_idx_
    wc_ecc_key_free_
    wc_ecc_key_new_
    wc_ecc_make_key_
    wc_ecc_make_key_ex2_
    wc_ecc_make_key_ex_
    wc_ecc_make_pub_
    wc_ecc_make_pub_ex_
    wc_ecc_mulmod_
    wc_ecc_mulmod_ex2_
    wc_ecc_mulmod_ex_
    wc_ecc_new_point_
    wc_ecc_new_point_h_
    wc_ecc_point_is_at_infinity_
    wc_ecc_rs_raw_to_sig_
    wc_ecc_rs_to_sig_
    wc_ecc_set_curve_
    wc_ecc_set_flags_
    wc_ecc_set_rng_
    wc_ecc_shared_secret_
    wc_ecc_shared_secret_ex_
    wc_ecc_shared_secret_gen_sync_
    wc_ecc_sig_size_
    wc_ecc_sig_size_calc_
    wc_ecc_sig_to_rs_
    wc_ecc_sign_hash_
    wc_ecc_sign_hash_ex_
    wc_ecc_size_
    wc_ecc_verify_hash_
    wc_ecc_verify_hash_ex_
 
/home/nick/Projects/Code_Projects/nosgem/lib/wolfssl/wolfcrypt/src/error.c Offset=00027000H
    wc_ErrorString_
    wc_GetErrorString_
 
/home/nick/Projects/Code_Projects/nosgem/lib/wolfssl/wolfcrypt/src/hash.c Offset=0002a400H
    wc_HashDelete_
    wc_HashFinal_
    wc_HashFree_
    wc_HashGetBlockSize_
    wc_HashGetDigestSize_
    wc_HashGetOID_
    wc_HashInit_
    wc_HashInit_ex_
    wc_HashNew_
    wc_HashTypeConvert_
    wc_HashUpdate_
    wc_Hash_
    wc_Hash_ex_
    wc_OidGetHash_
    wc_Sha256Hash_
    wc_Sha256Hash_ex_
 
/home/nick/Projects/Code_Projects/nosgem/lib/wolfssl/wolfcrypt/src/hmac.c Offset=0002ba00H
    _InitHmac_
    wc_HmacCopy_
    wc_HmacFinal_
    wc_HmacFree_
    wc_HmacInit_
    wc_HmacSetKey_
    wc_HmacSetKey_ex_
    wc_HmacSizeByType_
    wc_HmacUpdate_
    wolfSSL_GetHmacMaxSize_
 
/home/nick/Projects/Code_Projects/nosgem/lib/wolfssl/wolfcrypt/src/integer.c Offset=0002ca00H
    CheckRunTimeSettings_
    _ltm_prime_tab
    _mp_s_rmap
    fast_mp_invmod_
    fast_mp_montgomery_reduce_
    fast_s_mp_mul_digs_
    fast_s_mp_mul_high_digs_
    fast_s_mp_sqr_
    mp_2expt_
    mp_abs_
    mp_add_
    mp_add_d_
    mp_addmod_
    mp_addmod_ct_
    mp_clamp_
    mp_clear_
    mp_cmp_
    mp_cmp_d_
    mp_cmp_mag_
    mp_cnt_lsb_
    mp_cond_swap_ct_
    mp_cond_swap_ct_ex_
    mp_copy_
    mp_count_bits_
    mp_div_
    mp_div_2_
    mp_div_2_mod_ct_
    mp_div_2d_
    mp_div_3_
    mp_dr_is_modulus_
    mp_dr_reduce_
    mp_dr_setup_
    mp_exch_
    mp_exptmod_
    mp_exptmod_base_2_
    mp_exptmod_ex_
    mp_exptmod_fast_
    mp_forcezero_
    mp_free_
    mp_grow_
    mp_init_
    mp_init_copy_
    mp_init_multi_
    mp_init_size_
    mp_invmod_
    mp_invmod_slow_
    mp_is_bit_set_
    mp_leading_bit_
    mp_lshd_
    mp_mod_
    mp_mod_2d_
    mp_mod_d_
    mp_montgomery_calc_normalization_
    mp_montgomery_reduce_
    mp_montgomery_setup_
    mp_mul_
    mp_mul_2_
    mp_mul_2d_
    mp_mul_d_
    mp_mulmod_
    mp_prime_is_prime_
    mp_prime_is_prime_ex_
    mp_radix_size_
    mp_read_radix_
    mp_read_unsigned_bin_
    mp_reduce_
    mp_reduce_2k_
    mp_reduce_2k_l_
    mp_reduce_2k_setup_
    mp_reduce_2k_setup_l_
    mp_reduce_is_2k_
    mp_reduce_is_2k_l_
    mp_reduce_setup_
    mp_rshb_
    mp_rshd_
    mp_set_
    mp_set_bit_
    mp_set_int_
    mp_sqr_
    mp_sqrmod_
    mp_sub_
    mp_sub_d_
    mp_submod_
    mp_submod_ct_
    mp_to_unsigned_bin_
    mp_to_unsigned_bin_at_pos_
    mp_to_unsigned_bin_len_
    mp_toradix_
    mp_unsigned_bin_size_
    mp_zero_
    s_mp_add_
    s_mp_exptmod_
    s_mp_mul_digs_
    s_mp_mul_high_digs_
    s_mp_sqr_
    s_mp_sub_
 
/home/nick/Projects/Code_Projects/nosgem/lib/wolfssl/wolfcrypt/src/memory.c Offset=00034a00H
    wc_ForceZero_
    wolfSSL_Free_
    wolfSSL_GetAllocators_
    wolfSSL_Malloc_
    wolfSSL_Realloc_
    wolfSSL_SetAllocators_
 
/home/nick/Projects/Code_Projects/nosgem/lib/wolfssl/wolfcrypt/src/random.c Offset=00035400H
    _outputA_data
    _outputB_data
    _reseedSeedA_data
    _seedA_data
    _seedB_data
    wc_FreeRng_
    wc_GenerateSeed_
    wc_InitRngNonce_
    wc_InitRngNonce_ex_
    wc_InitRng_
    wc_InitRng_ex_
    wc_RNG_DRBG_Reseed_
    wc_RNG_GenerateBlock_
    wc_RNG_GenerateByte_
    wc_RNG_HealthTest_
    wc_RNG_HealthTest_ex_
    wc_RNG_TestSeed_
    wc_rng_free_
    wc_rng_new_
    wc_rng_new_ex_
 
/home/nick/Projects/Code_Projects/nosgem/lib/wolfssl/wolfcrypt/src/sha256.c Offset=00037c00H
    wc_InitSha256_
    wc_InitSha256_ex_
    wc_Sha256Copy_
    wc_Sha256FinalRaw_
    wc_Sha256Final_
    wc_Sha256Free_
    wc_Sha256GetHash_
    wc_Sha256Update_
 
/home/nick/Projects/Code_Projects/nosgem/lib/wolfssl/wolfcrypt/src/signature.c Offset=00039c00H
    wc_SignatureGenerateHash_
    wc_SignatureGenerateHash_ex_
    wc_SignatureGenerate_
    wc_SignatureGenerate_ex_
    wc_SignatureGetSize_
    wc_SignatureVerifyHash_
    wc_SignatureVerify_
 
/home/nick/Projects/Code_Projects/nosgem/lib/wolfssl/wolfcrypt/src/wc_encrypt.c Offset=0003ae00H
    wc_AesCbcDecryptWithKey_
    wc_AesCbcEncryptWithKey_
    wc_CryptKey_
 
/home/nick/Projects/Code_Projects/nosgem/lib/wolfssl/wolfcrypt/src/wc_port.c Offset=0003c200H
    _initRefCount
    wc_FreeMutex_
    wc_FreeRwLock_
    wc_InitAndAllocMutex_
    wc_InitMutex_
    wc_InitRwLock_
    wc_LockMutex_
    wc_LockRwLock_Rd_
    wc_LockRwLock_Wr_
    wc_UnLockMutex_
    wc_UnLockRwLock_
    wc_strdup_ex_
    wc_strlcat_
    wc_strlcpy_
    wolfCrypt_Cleanup_
    wolfCrypt_Init_
    wolfSSL_strnstr_
 
/home/nick/Projects/Code_Projects/nosgem/lib/wolfssl/wolfcrypt/src/wolfmath.c Offset=0003d200H
    _wc_off_on_addr
    mp_cond_copy_
    mp_get_digit_
    mp_get_digit_count_
    mp_get_rand_digit_
    mp_rand_
    mp_reverse_
    wc_export_int_
 
/home/nick/Projects/Code_Projects/nosgem/lib/wolfssl/src/internal.c Offset=0003e000H
    AlertTypeToString_
    AllocKey_
    AllocateCtxSuites_
    AllocateSuites_
    BuildCertHashes_
    BuildMessage_
    CheckAvailableSize_
    CheckForAltNames_
    CheckHostName_
    CheckIPAddr_
    CheckVersion_
    CipherRequires_
    CleanupStoreCtxCallback_
    CompleteServerHello_
    DecodePrivateKey_
    DecodeSigAlg_
    DhAgree_
    DhGenKeyPair_
    DoApplicationData_
    DoCertFatalAlert_
    DoFinished_
    DoHandShakeMsgType_
    DoHelloVerifyRequest_
    DoServerHello_
    DoVerifyCallback_
    EarlySanityCheckMsgReceived_
    EccMakeKey_
    EccSharedSecret_
    EccSign_
    EccVerify_
    FindSuite_
    FreeArrays_
    FreeAsyncCtx_
    FreeBuildMsgArgs_
    FreeCiphers_
    FreeHandshakeHashes_
    FreeHandshakeResources_
    FreeKeyExchange_
    FreeKey_
    FreeSSL_
    FreeSSL_Ctx_
    FreeSuites_
    FreeX509Name_
    FreeX509_
    GetCipherNameIana_
    GetCipherNameInternal_
    GetCipherNamesSize_
    GetCipherNames_
    GetCipherSuiteFromName_
    GetCurveByOID_
    GetHandshakeHeader_
    GetOutputBuffer_
    GrowInputBuffer_
    HashAlgoToType_
    HashInput_
    HashOutput_
    HashRaw_
    HaveUniqueSessionObj_
    InitCipherSpecs_
    InitCiphers_
    InitHandshakeHashesAndCopy_
    InitHandshakeHashes_
    InitSSL_
    InitSSL_CTX_Suites_
    InitSSL_Ctx_
    InitSSL_Method_
    InitSSL_Suites_
    InitSuitesHashSigAlgo_
    InitSuites_
    InitX509Name_
    InitX509_
    IsAtLeastTLSv1_2_
    IsAtLeastTLSv1_3_
    IsEncryptionOn_
    IsSCR_
    IsTLS_
    IsTLS_ex_
    LowResTimer_
    MacSize_
    MatchDomainName_
    MsgCheckEncryption_
    PickHashSigAlgo_
    ProcessPeerCerts_
    ProcessReplyEx_
    ProcessReply_
    ReceiveData_
    ReinitSSL_
    RetrySendAlert_
    SSL_CtxResourceFree_
    SendAlert_
    SendBuffered_
    SendCertificateRequest_
    SendCertificateStatus_
    SendCertificateVerify_
    SendCertificate_
    SendChangeCipher_
    SendClientHello_
    SendClientKeyExchange_
    SendData_
    SendFatalAlertOnly_
    SendFinished_
    SetCipherList_
    SetCipherList_ex_
    SetErrorString_
    SetSSL_CTX_
    SetupStoreCtxCallback_
    ShrinkInputBuffer_
    ShrinkOutputBuffer_
    TimingPadVerify_
    TranslateErrorToAlert_
    VerifyClientSuite_
    WriteSEQ_
    cipherExtraData_
    wolfSSL_ERR_func_error_string_
    wolfSSL_ERR_lib_error_string_
    wolfSSL_ERR_reason_error_string_
    wolfSSL_GetMaxFragSize_
    wolfSSL_ResourceFree_
    wolfSSL_get_cipher_name_iana_
    wolfSSL_get_cipher_name_internal_
    wolfssl_local_GetMaxPlaintextSize_
    wolfssl_local_GetRecordSize_
    wolfssl_local_MaybeCheckAlertOnErr_
    writeAeadAuthData_
 
/home/nick/Projects/Code_Projects/nosgem/lib/wolfssl/src/keys.c Offset=00050e00H
    GetCipherSpec_
    MakeMasterSecret_
    SetCipherSpecs_
    SetKeysSide_
    SetKeys_
    StoreKeys_
 
/home/nick/Projects/Code_Projects/nosgem/lib/wolfssl/src/ssl.c Offset=00052800H
    AddCA_
    AddSigner_
    AlreadySigner_
    CM_VerifyBuffer_ex_
    ClientSessionToSession_
    GetCAByName_
    GetCA_
    ProcessBuffer_
    RemoveCA_
    SetCAType_
    SetupSession_
    wolfSSL_CIPHER_get_id_
    wolfSSL_CIPHER_get_name_
    wolfSSL_CIPHER_get_version_
    wolfSSL_CTX_GetCertManager_
    wolfSSL_CTX_GetDevId_
    wolfSSL_CTX_GetHeap_
    wolfSSL_CTX_GetObjectSize_
    wolfSSL_CTX_SetCACb_
    wolfSSL_CTX_SetCertCbCtx_
    wolfSSL_CTX_SetDevId_
    wolfSSL_CTX_SetMaxDhKey_Sz_
    wolfSSL_CTX_SetMinDhKey_Sz_
    wolfSSL_CTX_SetMinEccKey_Sz_
    wolfSSL_CTX_SetMinVersion_
    wolfSSL_CTX_SetTmpDH_
    wolfSSL_CTX_SetTmpDH_buffer_
    wolfSSL_CTX_SetTmpEC_DHE_Sz_
    wolfSSL_CTX_UnloadCAs_
    wolfSSL_CTX_UnloadIntermediateCerts_
    wolfSSL_CTX_UseClientSuites_
    wolfSSL_CTX_check_private_key_
    wolfSSL_CTX_clear_group_messages_
    wolfSSL_CTX_clear_options_
    wolfSSL_CTX_free_
    wolfSSL_CTX_get_options_
    wolfSSL_CTX_get_verify_depth_
    wolfSSL_CTX_load_verify_buffer_
    wolfSSL_CTX_load_verify_buffer_ex_
    wolfSSL_CTX_load_verify_chain_buffer_format_
    wolfSSL_CTX_mutual_auth_
    wolfSSL_CTX_new_
    wolfSSL_CTX_new_ex_
    wolfSSL_CTX_new_rng_
    wolfSSL_CTX_set_cipher_list_
    wolfSSL_CTX_set_group_messages_
    wolfSSL_CTX_set_options_
    wolfSSL_CTX_set_verify_
    wolfSSL_CTX_set_verify_depth_
    wolfSSL_CTX_up_ref_
    wolfSSL_CTX_use_PrivateKey_buffer_
    wolfSSL_CTX_use_certificate_buffer_
    wolfSSL_CTX_use_certificate_chain_buffer_
    wolfSSL_CTX_use_certificate_chain_buffer_format_
    wolfSSL_CertManagerDisableCRL_
    wolfSSL_CertManagerDisableOCSPMustStaple_
    wolfSSL_CertManagerDisableOCSPStapling_
    wolfSSL_CertManagerDisableOCSP_
    wolfSSL_CertManagerEnableCRL_
    wolfSSL_CertManagerEnableOCSPMustStaple_
    wolfSSL_CertManagerEnableOCSPStapling_
    wolfSSL_CertManagerEnableOCSP_
    wolfSSL_CertManagerFree_
    wolfSSL_CertManagerLoadCABufferType_
    wolfSSL_CertManagerLoadCABuffer_
    wolfSSL_CertManagerLoadCABuffer_ex_
    wolfSSL_CertManagerNew_
    wolfSSL_CertManagerNew_ex_
    wolfSSL_CertManagerSetVerify_
    wolfSSL_CertManagerUnloadCAs_
    wolfSSL_CertManagerUnloadIntermediateCerts_
    wolfSSL_CertManagerUnloadTypeCerts_
    wolfSSL_CertManagerVerifyBuffer_
    wolfSSL_CertManager_up_ref_
    wolfSSL_Cleanup_
    wolfSSL_DupSession_
    wolfSSL_ERR_error_string_
    wolfSSL_ERR_error_string_n_
    wolfSSL_FreeArrays_
    wolfSSL_FreeHandshakeResources_
    wolfSSL_FreeSession_
    wolfSSL_GetDhKey_Sz_
    wolfSSL_GetMacSecret_
    wolfSSL_GetMaxOutputSize_
    wolfSSL_GetObjectSize_
    wolfSSL_GetOutputSize_
    wolfSSL_GetRNG_
    wolfSSL_GetSession_
    wolfSSL_GetSide_
    wolfSSL_GetVersion_
    wolfSSL_Init_
    wolfSSL_KeepArrays_
    wolfSSL_KeepHandshakeResources_
    wolfSSL_METHOD_GetObjectSize_
    wolfSSL_NewSession_
    wolfSSL_SESSION_CIPHER_get_name_
    wolfSSL_SESSION_dup_
    wolfSSL_SESSION_free_
    wolfSSL_SESSION_new_
    wolfSSL_SESSION_new_ex_
    wolfSSL_SESSION_up_ref_
    wolfSSL_SendUserCanceled_
    wolfSSL_SetCertCbCtx_
    wolfSSL_SetDevId_
    wolfSSL_SetEnableDhKeyTest_
    wolfSSL_SetHsDoneCb_
    wolfSSL_SetMaxDhKey_Sz_
    wolfSSL_SetMinDhKey_Sz_
    wolfSSL_SetMinEccKey_Sz_
    wolfSSL_SetMinVersion_
    wolfSSL_SetTmpDH_
    wolfSSL_SetTmpDH_buffer_
    wolfSSL_SetTmpEC_DHE_Sz_
    wolfSSL_SetVersion_
    wolfSSL_UnloadCertsKeys_
    wolfSSL_UseClientSuites_
    wolfSSL_X509_STORE_CTX_free_
    wolfSSL_X509_STORE_CTX_get_error_
    wolfSSL_X509_STORE_CTX_get_error_depth_
    wolfSSL_X509_STORE_CTX_new_ex_
    wolfSSL_X509_check_host_
    wolfSSL_X509_check_ip_asc_
    wolfSSL_check_domain_name_
    wolfSSL_clear_group_messages_
    wolfSSL_connect_
    wolfSSL_connect_cert_
    wolfSSL_dtls_
    wolfSSL_dtls_get0_peer_
    wolfSSL_dtls_get_peer_
    wolfSSL_dtls_get_using_nonblock_
    wolfSSL_dtls_set_peer_
    wolfSSL_dtls_set_using_nonblock_
    wolfSSL_get_SSL_CTX_
    wolfSSL_get_alert_history_
    wolfSSL_get_cipher_
    wolfSSL_get_cipher_by_value_
    wolfSSL_get_cipher_list_
    wolfSSL_get_cipher_list_ex_
    wolfSSL_get_cipher_name_
    wolfSSL_get_cipher_name_from_suite_
    wolfSSL_get_cipher_name_iana_from_suite_
    wolfSSL_get_cipher_suite_from_name_
    wolfSSL_get_ciphers_
    wolfSSL_get_ciphers_iana_
    wolfSSL_get_current_cipher_
    wolfSSL_get_current_cipher_suite_
    wolfSSL_get_curve_name_
    wolfSSL_get_error_
    wolfSSL_get_ex_data_
    wolfSSL_get_fd_
    wolfSSL_get_options_
    wolfSSL_get_shared_ciphers_
    wolfSSL_get_shutdown_
    wolfSSL_get_verify_depth_
    wolfSSL_get_version_
    wolfSSL_get_wfd_
    wolfSSL_has_pending_
    wolfSSL_inject_
    wolfSSL_is_init_finished_
    wolfSSL_is_server_
    wolfSSL_lib_version_
    wolfSSL_lib_version_hex_
    wolfSSL_library_init_
    wolfSSL_load_error_strings_
    wolfSSL_mutual_auth_
    wolfSSL_negotiate_
    wolfSSL_new_
    wolfSSL_peek_
    wolfSSL_pending_
    wolfSSL_read_
    wolfSSL_read_ex_
    wolfSSL_recv_
    wolfSSL_send_
    wolfSSL_session_reused_
    wolfSSL_set_cipher_list_
    wolfSSL_set_compression_
    wolfSSL_set_ex_data_
    wolfSSL_set_fd_
    wolfSSL_set_group_messages_
    wolfSSL_set_options_
    wolfSSL_set_read_fd_
    wolfSSL_set_verify_
    wolfSSL_set_verify_result_
    wolfSSL_set_write_fd_
    wolfSSL_shutdown_
    wolfSSL_state_
    wolfSSL_use_PrivateKey_buffer_
    wolfSSL_use_certificate_ASN1_
    wolfSSL_use_certificate_buffer_
    wolfSSL_use_certificate_chain_buffer_
    wolfSSL_use_certificate_chain_buffer_format_
    wolfSSL_version_
    wolfSSL_want_read_
    wolfSSL_want_write_
    wolfSSL_write_
    wolfSSL_write_ex_
    wolfSSLv23_client_method_
    wolfSSLv23_client_method_ex_
    wolfssl_get_global_rng_
    wolfssl_make_global_rng_
    wolfssl_make_rng_
 
/home/nick/Projects/Code_Projects/nosgem/lib/wolfssl/src/tls.c Offset=0005d800H
    BuildTlsFinished_
    BuildTlsHandshakeHash_
    DeriveTlsKeys_
    MakeTLSv1_2_
    MakeTlsMasterSecret_
    TLS_hmac_
    wolfSSL_DeriveTlsKeys_
    wolfSSL_GetHmacType_
    wolfSSL_GetHmacType_ex_
    wolfSSL_MakeTlsMasterSecret_
    wolfSSL_SetTlsHmacInner_
    wolfSSL_make_eap_keys_
    wolfTLS_client_method_
    wolfTLS_client_method_ex_
    wolfTLSv1_2_client_method_
    wolfTLSv1_2_client_method_ex_
 
/home/nick/Projects/Code_Projects/nosgem/lib/wolfssl/src/wolfio.c Offset=00060000H
    wolfSSL_CTX_SetIORecv_
    wolfSSL_CTX_SetIOSend_
    wolfSSL_GetIOReadCtx_
    wolfSSL_GetIOWriteCtx_
    wolfSSL_SSLDisableRead_
    wolfSSL_SSLEnableRead_
    wolfSSL_SSLSetIORecv_
    wolfSSL_SSLSetIOSend_
    wolfSSL_SetIOReadCtx_
    wolfSSL_SetIOReadFlags_
    wolfSSL_SetIOWriteCtx_
    wolfSSL_SetIOWriteFlags_
 
